Archive member included to satisfy reference by file (symbol)

/opt/st/stm32cubeide_1.4.0/plugins/com.st.stm32cube.ide.mcu.externaltools.gnu-tools-for-stm32.7-2018-q2-update.linux64_1.4.0.202007081208/tools/bin/../lib/gcc/arm-none-eabi/7.3.1/../../../../arm-none-eabi/lib/thumb/v7e-m/fpv4-sp/hard/libc_nano.a(lib_a-exit.o)
                              /opt/st/stm32cubeide_1.4.0/plugins/com.st.stm32cube.ide.mcu.externaltools.gnu-tools-for-stm32.7-2018-q2-update.linux64_1.4.0.202007081208/tools/bin/../lib/gcc/arm-none-eabi/7.3.1/../../../../arm-none-eabi/lib/thumb/v7e-m/fpv4-sp/hard/crt0.o (exit)
/opt/st/stm32cubeide_1.4.0/plugins/com.st.stm32cube.ide.mcu.externaltools.gnu-tools-for-stm32.7-2018-q2-update.linux64_1.4.0.202007081208/tools/bin/../lib/gcc/arm-none-eabi/7.3.1/../../../../arm-none-eabi/lib/thumb/v7e-m/fpv4-sp/hard/libc_nano.a(lib_a-impure.o)
                              /opt/st/stm32cubeide_1.4.0/plugins/com.st.stm32cube.ide.mcu.externaltools.gnu-tools-for-stm32.7-2018-q2-update.linux64_1.4.0.202007081208/tools/bin/../lib/gcc/arm-none-eabi/7.3.1/../../../../arm-none-eabi/lib/thumb/v7e-m/fpv4-sp/hard/libc_nano.a(lib_a-exit.o) (_global_impure_ptr)
/opt/st/stm32cubeide_1.4.0/plugins/com.st.stm32cube.ide.mcu.externaltools.gnu-tools-for-stm32.7-2018-q2-update.linux64_1.4.0.202007081208/tools/bin/../lib/gcc/arm-none-eabi/7.3.1/../../../../arm-none-eabi/lib/thumb/v7e-m/fpv4-sp/hard/libc_nano.a(lib_a-init.o)
                              /opt/st/stm32cubeide_1.4.0/plugins/com.st.stm32cube.ide.mcu.externaltools.gnu-tools-for-stm32.7-2018-q2-update.linux64_1.4.0.202007081208/tools/bin/../lib/gcc/arm-none-eabi/7.3.1/../../../../arm-none-eabi/lib/thumb/v7e-m/fpv4-sp/hard/crt0.o (__libc_init_array)
/opt/st/stm32cubeide_1.4.0/plugins/com.st.stm32cube.ide.mcu.externaltools.gnu-tools-for-stm32.7-2018-q2-update.linux64_1.4.0.202007081208/tools/bin/../lib/gcc/arm-none-eabi/7.3.1/../../../../arm-none-eabi/lib/thumb/v7e-m/fpv4-sp/hard/libc_nano.a(lib_a-memset.o)
                              /opt/st/stm32cubeide_1.4.0/plugins/com.st.stm32cube.ide.mcu.externaltools.gnu-tools-for-stm32.7-2018-q2-update.linux64_1.4.0.202007081208/tools/bin/../lib/gcc/arm-none-eabi/7.3.1/../../../../arm-none-eabi/lib/thumb/v7e-m/fpv4-sp/hard/crt0.o (memset)
/opt/st/stm32cubeide_1.4.0/plugins/com.st.stm32cube.ide.mcu.externaltools.gnu-tools-for-stm32.7-2018-q2-update.linux64_1.4.0.202007081208/tools/bin/../lib/gcc/arm-none-eabi/7.3.1/../../../../arm-none-eabi/lib/thumb/v7e-m/fpv4-sp/hard/libc_nano.a(lib_a-strlen.o)
                              src/drivers/DISPLAY_WH1602B_4Bit.o (strlen)
/opt/st/stm32cubeide_1.4.0/plugins/com.st.stm32cube.ide.mcu.externaltools.gnu-tools-for-stm32.7-2018-q2-update.linux64_1.4.0.202007081208/tools/bin/../lib/gcc/arm-none-eabi/7.3.1/../../../../arm-none-eabi/lib/thumb/v7e-m/fpv4-sp/hard/libc_nano.a(lib_a-vsprintf.o)
                              src/drivers/USART.o (vsprintf)
/opt/st/stm32cubeide_1.4.0/plugins/com.st.stm32cube.ide.mcu.externaltools.gnu-tools-for-stm32.7-2018-q2-update.linux64_1.4.0.202007081208/tools/bin/../lib/gcc/arm-none-eabi/7.3.1/../../../../arm-none-eabi/lib/thumb/v7e-m/fpv4-sp/hard/libc_nano.a(lib_a-nano-svfprintf.o)
                              /opt/st/stm32cubeide_1.4.0/plugins/com.st.stm32cube.ide.mcu.externaltools.gnu-tools-for-stm32.7-2018-q2-update.linux64_1.4.0.202007081208/tools/bin/../lib/gcc/arm-none-eabi/7.3.1/../../../../arm-none-eabi/lib/thumb/v7e-m/fpv4-sp/hard/libc_nano.a(lib_a-vsprintf.o) (_svfprintf_r)
/opt/st/stm32cubeide_1.4.0/plugins/com.st.stm32cube.ide.mcu.externaltools.gnu-tools-for-stm32.7-2018-q2-update.linux64_1.4.0.202007081208/tools/bin/../lib/gcc/arm-none-eabi/7.3.1/../../../../arm-none-eabi/lib/thumb/v7e-m/fpv4-sp/hard/libc_nano.a(lib_a-nano-vfprintf_i.o)
                              /opt/st/stm32cubeide_1.4.0/plugins/com.st.stm32cube.ide.mcu.externaltools.gnu-tools-for-stm32.7-2018-q2-update.linux64_1.4.0.202007081208/tools/bin/../lib/gcc/arm-none-eabi/7.3.1/../../../../arm-none-eabi/lib/thumb/v7e-m/fpv4-sp/hard/libc_nano.a(lib_a-nano-svfprintf.o) (_printf_i)
/opt/st/stm32cubeide_1.4.0/plugins/com.st.stm32cube.ide.mcu.externaltools.gnu-tools-for-stm32.7-2018-q2-update.linux64_1.4.0.202007081208/tools/bin/../lib/gcc/arm-none-eabi/7.3.1/../../../../arm-none-eabi/lib/thumb/v7e-m/fpv4-sp/hard/libc_nano.a(lib_a-memchr.o)
                              /opt/st/stm32cubeide_1.4.0/plugins/com.st.stm32cube.ide.mcu.externaltools.gnu-tools-for-stm32.7-2018-q2-update.linux64_1.4.0.202007081208/tools/bin/../lib/gcc/arm-none-eabi/7.3.1/../../../../arm-none-eabi/lib/thumb/v7e-m/fpv4-sp/hard/libc_nano.a(lib_a-nano-svfprintf.o) (memchr)
/opt/st/stm32cubeide_1.4.0/plugins/com.st.stm32cube.ide.mcu.externaltools.gnu-tools-for-stm32.7-2018-q2-update.linux64_1.4.0.202007081208/tools/bin/../lib/gcc/arm-none-eabi/7.3.1/../../../../arm-none-eabi/lib/thumb/v7e-m/fpv4-sp/hard/libc_nano.a(lib_a-memcpy-stub.o)
[...]
Memory Configuration

Name             Origin             Length             Attributes
FLASH            0x0000000008000000 0x0000000000100000 xr
RAM              0x0000000020000000 0x0000000000020000 xrw
MEMORY_B1        0x0000000060000000 0x0000000000000000 xr
CCMRAM           0x0000000010000000 0x0000000000010000 rw
*default*        0x0000000000000000 0xffffffffffffffff

Linker script and memory map

LOAD /opt/st/stm32cubeide_1.4.0/plugins/com.st.stm32cube.ide.mcu.externaltools.gnu-tools-for-stm32.7-2018-q2-update.linux64_1.4.0.202007081208/tools/bin/../lib/gcc/arm-none-eabi/7.3.1/thumb/v7e-m/fpv4-sp/hard/crti.o
LOAD /opt/st/stm32cubeide_1.4.0/plugins/com.st.stm32cube.ide.mcu.externaltools.gnu-tools-for-stm32.7-2018-q2-update.linux64_1.4.0.202007081208/tools/bin/../lib/gcc/arm-none-eabi/7.3.1/thumb/v7e-m/fpv4-sp/hard/crtbegin.o
LOAD /opt/st/stm32cubeide_1.4.0/plugins/com.st.stm32cube.ide.mcu.externaltools.gnu-tools-for-stm32.7-2018-q2-update.linux64_1.4.0.202007081208/tools/bin/../lib/gcc/arm-none-eabi/7.3.1/../../../../arm-none-eabi/lib/thumb/v7e-m/fpv4-sp/hard/crt0.o
LOAD Libraries/STM32F4xx_StdPeriph_Driver/src/misc.o
LOAD Libraries/STM32F4xx_StdPeriph_Driver/src/stm32f4xx_adc.o
LOAD Libraries/STM32F4xx_StdPeriph_Driver/src/stm32f4xx_can.o
LOAD Libraries/STM32F4xx_StdPeriph_Driver/src/stm32f4xx_crc.o
LOAD Libraries/STM32F4xx_StdPeriph_Driver/src/stm32f4xx_cryp.o
LOAD Libraries/STM32F4xx_StdPeriph_Driver/src/stm32f4xx_cryp_aes.o
LOAD Libraries/STM32F4xx_StdPeriph_Driver/src/stm32f4xx_cryp_des.o
LOAD Libraries/STM32F4xx_StdPeriph_Driver/src/stm32f4xx_cryp_tdes.o
LOAD Libraries/STM32F4xx_StdPeriph_Driver/src/stm32f4xx_dac.o
LOAD Libraries/STM32F4xx_StdPeriph_Driver/src/stm32f4xx_dbgmcu.o
LOAD Libraries/STM32F4xx_StdPeriph_Driver/src/stm32f4xx_dcmi.o
LOAD Libraries/STM32F4xx_StdPeriph_Driver/src/stm32f4xx_dma.o
LOAD Libraries/STM32F4xx_StdPeriph_Driver/src/stm32f4xx_exti.o
LOAD Libraries/STM32F4xx_StdPeriph_Driver/src/stm32f4xx_flash.o
LOAD Libraries/STM32F4xx_StdPeriph_Driver/src/stm32f4xx_fsmc.o
LOAD Libraries/STM32F4xx_StdPeriph_Driver/src/stm32f4xx_gpio.o
LOAD Libraries/STM32F4xx_StdPeriph_Driver/src/stm32f4xx_hash.o
LOAD Libraries/STM32F4xx_StdPeriph_Driver/src/stm32f4xx_hash_md5.o
LOAD Libraries/STM32F4xx_StdPeriph_Driver/src/stm32f4xx_hash_sha1.o
LOAD Libraries/STM32F4xx_StdPeriph_Driver/src/stm32f4xx_i2c.o
LOAD Libraries/STM32F4xx_StdPeriph_Driver/src/stm32f4xx_iwdg.o
LOAD Libraries/STM32F4xx_StdPeriph_Driver/src/stm32f4xx_pwr.o
LOAD Libraries/STM32F4xx_StdPeriph_Driver/src/stm32f4xx_rcc.o
LOAD Libraries/STM32F4xx_StdPeriph_Driver/src/stm32f4xx_rng.o
LOAD Libraries/STM32F4xx_StdPeriph_Driver/src/stm32f4xx_rtc.o
LOAD Libraries/STM32F4xx_StdPeriph_Driver/src/stm32f4xx_sdio.o
LOAD Libraries/STM32F4xx_StdPeriph_Driver/src/stm32f4xx_spi.o
LOAD Libraries/STM32F4xx_StdPeriph_Driver/src/stm32f4xx_syscfg.o
LOAD Libraries/STM32F4xx_StdPeriph_Driver/src/stm32f4xx_tim.o
LOAD Libraries/STM32F4xx_StdPeriph_Driver/src/stm32f4xx_usart.o
LOAD Libraries/STM32F4xx_StdPeriph_Driver/src/stm32f4xx_wwdg.o
LOAD src/drivers/Buttons.o
LOAD src/drivers/CAN_BUS.o
LOAD src/drivers/DISPLAY_WH1602B_4Bit.o
LOAD src/drivers/LEDs.o
LOAD src/drivers/MEMS.o
LOAD src/drivers/PWM_controller_PCA9685PW.o
LOAD src/drivers/USART.o
LOAD src/drivers/balancer.o
LOAD src/drivers/clock_config.o
LOAD src/drivers/i2c.o
LOAD src/drivers/interrupts.o
LOAD src/drivers/peripheral_pinout.o
LOAD src/drivers/timers.o
LOAD src/main.o
LOAD src/startup_stm32f40xx.o
LOAD src/stm32f4xx_it.o
LOAD src/system_stm32f4xx.o
LOAD src/tiny_printf.o
START GROUP
LOAD /opt/st/stm32cubeide_1.4.0/plugins/com.st.stm32cube.ide.mcu.externaltools.gnu-tools-for-stm32.7-2018-q2-update.linux64_1.4.0.202007081208/tools/bin/../lib/gcc/arm-none-eabi/7.3.1/../../../../arm-none-eabi/lib/thumb/v7e-m/fpv4-sp/hard/libc_nano.a
LOAD /opt/st/stm32cubeide_1.4.0/plugins/com.st.stm32cube.ide.mcu.externaltools.gnu-tools-for-stm32.7-2018-q2-update.linux64_1.4.0.202007081208/tools/bin/../lib/gcc/arm-none-eabi/7.3.1/../../../../arm-none-eabi/lib/thumb/v7e-m/fpv4-sp/hard/libm.a
END GROUP
START GROUP
LOAD /opt/st/stm32cubeide_1.4.0/plugins/com.st.stm32cube.ide.mcu.externaltools.gnu-tools-for-stm32.7-2018-q2-update.linux64_1.4.0.202007081208/tools/bin/../lib/gcc/arm-none-eabi/7.3.1/thumb/v7e-m/fpv4-sp/hard/libgcc.a
LOAD /opt/st/stm32cubeide_1.4.0/plugins/com.st.stm32cube.ide.mcu.externaltools.gnu-tools-for-stm32.7-2018-q2-update.linux64_1.4.0.202007081208/tools/bin/../lib/gcc/arm-none-eabi/7.3.1/../../../../arm-none-eabi/lib/thumb/v7e-m/fpv4-sp/hard/libc_nano.a
END GROUP
START GROUP
LOAD /opt/st/stm32cubeide_1.4.0/plugins/com.st.stm32cube.ide.mcu.externaltools.gnu-tools-for-stm32.7-2018-q2-update.linux64_1.4.0.202007081208/tools/bin/../lib/gcc/arm-none-eabi/7.3.1/thumb/v7e-m/fpv4-sp/hard/libgcc.a
LOAD /opt/st/stm32cubeide_1.4.0/plugins/com.st.stm32cube.ide.mcu.externaltools.gnu-tools-for-stm32.7-2018-q2-update.linux64_1.4.0.202007081208/tools/bin/../lib/gcc/arm-none-eabi/7.3.1/../../../../arm-none-eabi/lib/thumb/v7e-m/fpv4-sp/hard/libc_nano.a
LOAD /opt/st/stm32cubeide_1.4.0/plugins/com.st.stm32cube.ide.mcu.externaltools.gnu-tools-for-stm32.7-2018-q2-update.linux64_1.4.0.202007081208/tools/bin/../lib/gcc/arm-none-eabi/7.3.1/../../../../arm-none-eabi/lib/thumb/v7e-m/fpv4-sp/hard/libnosys.a
END GROUP
START GROUP
LOAD /opt/st/stm32cubeide_1.4.0/plugins/com.st.stm32cube.ide.mcu.externaltools.gnu-tools-for-stm32.7-2018-q2-update.linux64_1.4.0.202007081208/tools/bin/../lib/gcc/arm-none-eabi/7.3.1/thumb/v7e-m/fpv4-sp/hard/libgcc.a
LOAD /opt/st/stm32cubeide_1.4.0/plugins/com.st.stm32cube.ide.mcu.externaltools.gnu-tools-for-stm32.7-2018-q2-update.linux64_1.4.0.202007081208/tools/bin/../lib/gcc/arm-none-eabi/7.3.1/../../../../arm-none-eabi/lib/thumb/v7e-m/fpv4-sp/hard/libc_nano.a
LOAD /opt/st/stm32cubeide_1.4.0/plugins/com.st.stm32cube.ide.mcu.externaltools.gnu-tools-for-stm32.7-2018-q2-update.linux64_1.4.0.202007081208/tools/bin/../lib/gcc/arm-none-eabi/7.3.1/../../../../arm-none-eabi/lib/thumb/v7e-m/fpv4-sp/hard/libnosys.a
END GROUP
LOAD /opt/st/stm32cubeide_1.4.0/plugins/com.st.stm32cube.ide.mcu.externaltools.gnu-tools-for-stm32.7-2018-q2-update.linux64_1.4.0.202007081208/tools/bin/../lib/gcc/arm-none-eabi/7.3.1/thumb/v7e-m/fpv4-sp/hard/crtend.o
LOAD /opt/st/stm32cubeide_1.4.0/plugins/com.st.stm32cube.ide.mcu.externaltools.gnu-tools-for-stm32.7-2018-q2-update.linux64_1.4.0.202007081208/tools/bin/../lib/gcc/arm-none-eabi/7.3.1/thumb/v7e-m/fpv4-sp/hard/crtn.o
                0x0000000020020000                _estack = 0x20020000
                0x0000000000000000                _Min_Heap_Size = 0x0
                0x0000000000000400                _Min_Stack_Size = 0x400

.isr_vector     0x0000000008000000      0x188
                0x0000000008000000                . = ALIGN (0x4)
 *(.isr_vector)
 .isr_vector    0x0000000008000000      0x188 src/startup_stm32f40xx.o
                0x0000000008000000                g_pfnVectors
                0x0000000008000188                . = ALIGN (0x4)

.text           0x0000000008000190     0x37b0
                0x0000000008000190                . = ALIGN (0x4)
 *(.text)
 .text          0x0000000008000190       0x40 /opt/st/stm32cubeide_1.4.0/plugins/com.st.stm32cube.ide.mcu.externaltools.gnu-tools-for-stm32.7-2018-q2-update.linux64_1.4.0.202007081208/tools/bin/../lib/gcc/arm-none-eabi/7.3.1/thumb/v7e-m/fpv4-sp/hard/crtbegin.o
 .text          0x00000000080001d0       0x10 /opt/st/stm32cubeide_1.4.0/plugins/com.st.stm32cube.ide.mcu.externaltools.gnu-tools-for-stm32.7-2018-q2-update.linux64_1.4.0.202007081208/tools/bin/../lib/gcc/arm-none-eabi/7.3.1/../../../../arm-none-eabi/lib/thumb/v7e-m/fpv4-sp/hard/libc_nano.a(lib_a-strlen.o)
                0x00000000080001d0                strlen
 .text          0x00000000080001e0       0xa0 /opt/st/stm32cubeide_1.4.0/plugins/com.st.stm32cube.ide.mcu.externaltools.gnu-tools-for-stm32.7-2018-q2-update.linux64_1.4.0.202007081208/tools/bin/../lib/gcc/arm-none-eabi/7.3.1/../../../../arm-none-eabi/lib/thumb/v7e-m/fpv4-sp/hard/libc_nano.a(lib_a-memchr.o)
                0x00000000080001e0                memchr
 *(.text*)
 .text.NVIC_Init
                0x0000000008000280       0xc4 Libraries/STM32F4xx_StdPeriph_Driver/src/misc.o
                0x0000000008000280                NVIC_Init
 .text.CAN_Transmit
                0x0000000008000344      0x1a2 Libraries/STM32F4xx_StdPeriph_Driver/src/stm32f4xx_can.o
                0x0000000008000344                CAN_Transmit
 .text.CAN_Receive
                0x00000000080004e6      0x17c Libraries/STM32F4xx_StdPeriph_Driver/src/stm32f4xx_can.o
                0x00000000080004e6                CAN_Receive
 *fill*         0x0000000008000662        0x2 
 .text.CAN_GetITStatus
                0x0000000008000664      0x194 Libraries/STM32F4xx_StdPeriph_Driver/src/stm32f4xx_can.o
                0x0000000008000664                CAN_GetITStatus
 .text.CheckITStatus
                0x00000000080007f8       0x30 Libraries/STM32F4xx_StdPeriph_Driver/src/stm32f4xx_can.o
 .text.EXTI_Init
                0x0000000008000828       0xe4 Libraries/STM32F4xx_StdPeriph_Driver/src/stm32f4xx_exti.o
                0x0000000008000828                EXTI_Init
 .text.EXTI_GetITStatus
                0x000000000800090c       0x48 Libraries/STM32F4xx_StdPeriph_Driver/src/stm32f4xx_exti.o
                0x000000000800090c                EXTI_GetITStatus
 .text.EXTI_ClearITPendingBit
                0x0000000008000954       0x20 Libraries/STM32F4xx_StdPeriph_Driver/src/stm32f4xx_exti.o
                0x0000000008000954                EXTI_ClearITPendingBit
 .text.GPIO_Init
                0x0000000008000974      0x11c Libraries/STM32F4xx_StdPeriph_Driver/src/stm32f4xx_gpio.o
                0x0000000008000974                GPIO_Init
 .text.GPIO_SetBits
                0x0000000008000a90       0x1e Libraries/STM32F4xx_StdPeriph_Driver/src/stm32f4xx_gpio.o
                0x0000000008000a90                GPIO_SetBits
 .text.GPIO_ResetBits
                0x0000000008000aae       0x1e Libraries/STM32F4xx_StdPeriph_Driver/src/stm32f4xx_gpio.o
                0x0000000008000aae                GPIO_ResetBits
 .text.GPIO_ToggleBits
                0x0000000008000acc       0x24 Libraries/STM32F4xx_StdPeriph_Driver/src/stm32f4xx_gpio.o
                0x0000000008000acc                GPIO_ToggleBits
 .text.GPIO_PinAFConfig
                0x0000000008000af0       0x92 Libraries/STM32F4xx_StdPeriph_Driver/src/stm32f4xx_gpio.o
                0x0000000008000af0                GPIO_PinAFConfig
 *fill*         0x0000000008000b82        0x2 
 .text.I2C_DeInit
                0x0000000008000b84       0x74 Libraries/STM32F4xx_StdPeriph_Driver/src/stm32f4xx_i2c.o
                0x0000000008000b84                I2C_DeInit
 .text.I2C_Init
                0x0000000008000bf8      0x184 Libraries/STM32F4xx_StdPeriph_Driver/src/stm32f4xx_i2c.o
                0x0000000008000bf8                I2C_Init
 .text.I2C_Cmd  0x0000000008000d7c       0x40 Libraries/STM32F4xx_StdPeriph_Driver/src/stm32f4xx_i2c.o
                0x0000000008000d7c                I2C_Cmd
 .text.I2C_AnalogFilterCmd
                0x0000000008000dbc       0x40 Libraries/STM32F4xx_StdPeriph_Driver/src/stm32f4xx_i2c.o
                0x0000000008000dbc                I2C_AnalogFilterCmd
 .text.I2C_GenerateSTART
                0x0000000008000dfc       0x40 Libraries/STM32F4xx_StdPeriph_Driver/src/stm32f4xx_i2c.o
                0x0000000008000dfc                I2C_GenerateSTART
 .text.I2C_GenerateSTOP
                0x0000000008000e3c       0x40 Libraries/STM32F4xx_StdPeriph_Driver/src/stm32f4xx_i2c.o
                0x0000000008000e3c                I2C_GenerateSTOP
 .text.I2C_Send7bitAddress
                0x0000000008000e7c       0x3c Libraries/STM32F4xx_StdPeriph_Driver/src/stm32f4xx_i2c.o
                0x0000000008000e7c                I2C_Send7bitAddress
 .text.I2C_AcknowledgeConfig
                0x0000000008000eb8       0x40 Libraries/STM32F4xx_StdPeriph_Driver/src/stm32f4xx_i2c.o
                0x0000000008000eb8                I2C_AcknowledgeConfig
 .text.I2C_NACKPositionConfig
                0x0000000008000ef8       0x42 Libraries/STM32F4xx_StdPeriph_Driver/src/stm32f4xx_i2c.o
                0x0000000008000ef8                I2C_NACKPositionConfig
 .text.I2C_SendData
                0x0000000008000f3a       0x20 Libraries/STM32F4xx_StdPeriph_Driver/src/stm32f4xx_i2c.o
                0x0000000008000f3a                I2C_SendData
 .text.I2C_ReceiveData
                0x0000000008000f5a       0x1c Libraries/STM32F4xx_StdPeriph_Driver/src/stm32f4xx_i2c.o
                0x0000000008000f5a                I2C_ReceiveData
 .text.I2C_CheckEvent
                0x0000000008000f76       0x60 Libraries/STM32F4xx_StdPeriph_Driver/src/stm32f4xx_i2c.o
                0x0000000008000f76                I2C_CheckEvent
 .text.I2C_GetFlagStatus
                0x0000000008000fd6       0x66 Libraries/STM32F4xx_StdPeriph_Driver/src/stm32f4xx_i2c.o
                0x0000000008000fd6                I2C_GetFlagStatus
 .text.RCC_GetClocksFreq
                0x000000000800103c      0x150 Libraries/STM32F4xx_StdPeriph_Driver/src/stm32f4xx_rcc.o
                0x000000000800103c                RCC_GetClocksFreq
 .text.RCC_AHB1PeriphClockCmd
                0x000000000800118c       0x40 Libraries/STM32F4xx_StdPeriph_Driver/src/stm32f4xx_rcc.o
                0x000000000800118c                RCC_AHB1PeriphClockCmd
 .text.RCC_APB1PeriphClockCmd
                0x00000000080011cc       0x40 Libraries/STM32F4xx_StdPeriph_Driver/src/stm32f4xx_rcc.o
                0x00000000080011cc                RCC_APB1PeriphClockCmd
 .text.RCC_APB2PeriphClockCmd
                0x000000000800120c       0x40 Libraries/STM32F4xx_StdPeriph_Driver/src/stm32f4xx_rcc.o
                0x000000000800120c                RCC_APB2PeriphClockCmd
 .text.RCC_APB1PeriphResetCmd
                0x000000000800124c       0x40 Libraries/STM32F4xx_StdPeriph_Driver/src/stm32f4xx_rcc.o
                0x000000000800124c                RCC_APB1PeriphResetCmd
 .text.SYSCFG_EXTILineConfig
                0x000000000800128c       0x84 Libraries/STM32F4xx_StdPeriph_Driver/src/stm32f4xx_syscfg.o
                0x000000000800128c                SYSCFG_EXTILineConfig
 .text.USART_SendData
                0x0000000008001310       0x24 Libraries/STM32F4xx_StdPeriph_Driver/src/stm32f4xx_usart.o
                0x0000000008001310                USART_SendData
 .text.USART_ReceiveData
                0x0000000008001334       0x20 Libraries/STM32F4xx_StdPeriph_Driver/src/stm32f4xx_usart.o
                0x0000000008001334                USART_ReceiveData
 .text.USART_GetFlagStatus
                0x0000000008001354       0x38 Libraries/STM32F4xx_StdPeriph_Driver/src/stm32f4xx_usart.o
                0x0000000008001354                USART_GetFlagStatus
 .text.Init_ONBOARD_BUTTONs
                0x000000000800138c      0x100 src/drivers/Buttons.o
                0x000000000800138c                Init_ONBOARD_BUTTONs
 .text.CAN_transmit_data
                0x000000000800148c       0x3c src/drivers/CAN_BUS.o
                0x000000000800148c                CAN_transmit_data
 .text.Display_Init
                0x00000000080014c8       0x4a src/drivers/DISPLAY_WH1602B_4Bit.o
                0x00000000080014c8                Display_Init
 *fill*         0x0000000008001512        0x2 
 .text.Display_Write_Ins
                0x0000000008001514      0x13c src/drivers/DISPLAY_WH1602B_4Bit.o
                0x0000000008001514                Display_Write_Ins
 .text.Display_Write_Data
                0x0000000008001650      0x13c src/drivers/DISPLAY_WH1602B_4Bit.o
                0x0000000008001650                Display_Write_Data
 .text.Display_Write_Data_Array
                0x000000000800178c       0x48 src/drivers/DISPLAY_WH1602B_4Bit.o
                0x000000000800178c                Display_Write_Data_Array
 .text.Display_init_GPIO
                0x00000000080017d4       0x50 src/drivers/DISPLAY_WH1602B_4Bit.o
                0x00000000080017d4                Display_init_GPIO
 .text.Display_RW_pusle
                0x0000000008001824       0x28 src/drivers/DISPLAY_WH1602B_4Bit.o
                0x0000000008001824                Display_RW_pusle
 .text.Display_clear
                0x000000000800184c       0x14 src/drivers/DISPLAY_WH1602B_4Bit.o
                0x000000000800184c                Display_clear
 .text.Display_clear_field
                0x0000000008001860       0x24 src/drivers/DISPLAY_WH1602B_4Bit.o
                0x0000000008001860                Display_clear_field
 .text.setup_Display
                0x0000000008001884       0x10 src/drivers/DISPLAY_WH1602B_4Bit.o
                0x0000000008001884                setup_Display
 .text.error_signal
                0x0000000008001894       0x1e src/drivers/LEDs.o
                0x0000000008001894                error_signal
 *fill*         0x00000000080018b2        0x2 
 .text.MEMS_set_mode
                0x00000000080018b4       0x88 src/drivers/MEMS.o
                0x00000000080018b4                MEMS_set_mode
 .text.MEMS_Axis_state_ACCEL
                0x000000000800193c       0x18 src/drivers/MEMS.o
                0x000000000800193c                MEMS_Axis_state_ACCEL
 .text.MEMS_Axis_state_GYRO
                0x0000000008001954       0x18 src/drivers/MEMS.o
                0x0000000008001954                MEMS_Axis_state_GYRO
 .text.MEMS_Init
                0x000000000800196c       0x22 src/drivers/MEMS.o
                0x000000000800196c                MEMS_Init
 *fill*         0x000000000800198e        0x2 
 .text.MEMS_read_GYROSCOPE
                0x0000000008001990      0x144 src/drivers/MEMS.o
                0x0000000008001990                MEMS_read_GYROSCOPE
 .text.MEMS_read_ACCELEROMETR
                0x0000000008001ad4      0x144 src/drivers/MEMS.o
                0x0000000008001ad4                MEMS_read_ACCELEROMETR
 .text.MEMS_read_MAGNETOMETR
                0x0000000008001c18      0x144 src/drivers/MEMS.o
                0x0000000008001c18                MEMS_read_MAGNETOMETR
 .text.setup_MEMS
                0x0000000008001d5c       0x18 src/drivers/MEMS.o
                0x0000000008001d5c                setup_MEMS
 .text.MEMS_example_with_menu
                0x0000000008001d74      0x750 src/drivers/MEMS.o
                0x0000000008001d74                MEMS_example_with_menu
 .text.USART_send_character
                0x00000000080024c4       0x30 src/drivers/USART.o
                0x00000000080024c4                USART_send_character
 .text.USART_send_string
                0x00000000080024f4       0x2c src/drivers/USART.o
                0x00000000080024f4                USART_send_string
 .text.USART_receive_character
                0x0000000008002520       0x1a src/drivers/USART.o
                0x0000000008002520                USART_receive_character
 *fill*         0x000000000800253a        0x2 
 .text.USART_printf
                0x000000000800253c       0x34 src/drivers/USART.o
                0x000000000800253c                USART_printf
 .text.delay_milis
                0x0000000008002570       0x48 src/drivers/clock_config.o
                0x0000000008002570                delay_milis
 .text.setup_clock_for_GPIO
                0x00000000080025b8       0x90 src/drivers/clock_config.o
                0x00000000080025b8                setup_clock_for_GPIO
 .text.setup_clock_for_I2C
                0x0000000008002648       0x60 src/drivers/clock_config.o
                0x0000000008002648                setup_clock_for_I2C
 .text.I2C_TransmitData
                0x00000000080026a8       0x34 src/drivers/i2c.o
 .text.setup_I2C
                0x00000000080026dc       0x64 src/drivers/i2c.o
                0x00000000080026dc                setup_I2C
 .text.I2C_transmit_byte_to_reg
                0x0000000008002740       0xb8 src/drivers/i2c.o
                0x0000000008002740                I2C_transmit_byte_to_reg
 .text.I2C_receive_byte_from_reg
                0x00000000080027f8      0x104 src/drivers/i2c.o
                0x00000000080027f8                I2C_receive_byte_from_reg
 .text.EXTI0_IRQHandler
                0x00000000080028fc       0x2c src/drivers/interrupts.o
                0x00000000080028fc                EXTI0_IRQHandler
 .text.EXTI9_5_IRQHandler
                0x0000000008002928       0x78 src/drivers/interrupts.o
                0x0000000008002928                EXTI9_5_IRQHandler
 .text.EXTI15_10_IRQHandler
                0x00000000080029a0       0x54 src/drivers/interrupts.o
                0x00000000080029a0                EXTI15_10_IRQHandler
 .text.USART3_IRQHandler
                0x00000000080029f4      0x100 src/drivers/interrupts.o
                0x00000000080029f4                USART3_IRQHandler
 .text.CAN1_RX0_IRQHandler
                0x0000000008002af4       0x90 src/drivers/interrupts.o
                0x0000000008002af4                CAN1_RX0_IRQHandler
 .text.setup_pinout_for_I2C
                0x0000000008002b84      0x110 src/drivers/peripheral_pinout.o
                0x0000000008002b84                setup_pinout_for_I2C
 .text.main     0x0000000008002c94       0x12 src/main.o
                0x0000000008002c94                main
 *fill*         0x0000000008002ca6        0x2 
 .text.Reset_Handler
                0x0000000008002ca8       0x50 src/startup_stm32f40xx.o
                0x0000000008002ca8                Reset_Handler
 .text.Default_Handler
                0x0000000008002cf8        0x2 src/startup_stm32f40xx.o
                0x0000000008002cf8                RTC_Alarm_IRQHandler
                0x0000000008002cf8                HASH_RNG_IRQHandler
                0x0000000008002cf8                EXTI2_IRQHandler
                0x0000000008002cf8                TIM8_CC_IRQHandler
                0x0000000008002cf8                TIM1_CC_IRQHandler
                0x0000000008002cf8                DMA2_Stream5_IRQHandler
                0x0000000008002cf8                DMA1_Stream5_IRQHandler
                0x0000000008002cf8                PVD_IRQHandler
                0x0000000008002cf8                SDIO_IRQHandler
                0x0000000008002cf8                TAMP_STAMP_IRQHandler
                0x0000000008002cf8                CAN2_RX1_IRQHandler
                0x0000000008002cf8                EXTI3_IRQHandler
                0x0000000008002cf8                TIM8_TRG_COM_TIM14_IRQHandler
                0x0000000008002cf8                TIM1_UP_TIM10_IRQHandler
                0x0000000008002cf8                TIM8_UP_TIM13_IRQHandler
                0x0000000008002cf8                I2C3_ER_IRQHandler
                0x0000000008002cf8                I2C2_EV_IRQHandler
                0x0000000008002cf8                DMA1_Stream2_IRQHandler
                0x0000000008002cf8                FPU_IRQHandler
                0x0000000008002cf8                OTG_HS_WKUP_IRQHandler
                0x0000000008002cf8                CAN2_SCE_IRQHandler
                0x0000000008002cf8                DMA2_Stream2_IRQHandler
                0x0000000008002cf8                SPI1_IRQHandler
                0x0000000008002cf8                TIM6_DAC_IRQHandler
                0x0000000008002cf8                TIM1_BRK_TIM9_IRQHandler
                0x0000000008002cf8                DCMI_IRQHandler
                0x0000000008002cf8                CAN2_RX0_IRQHandler
                0x0000000008002cf8                DMA2_Stream3_IRQHandler
                0x0000000008002cf8                USART6_IRQHandler
                0x0000000008002cf8                CRYP_IRQHandler
                0x0000000008002cf8                CAN1_RX1_IRQHandler
                0x0000000008002cf8                UART5_IRQHandler
                0x0000000008002cf8                DMA2_Stream0_IRQHandler
                0x0000000008002cf8                TIM4_IRQHandler
                0x0000000008002cf8                I2C1_EV_IRQHandler
                0x0000000008002cf8                DMA1_Stream6_IRQHandler
                0x0000000008002cf8                DMA1_Stream1_IRQHandler
                0x0000000008002cf8                UART4_IRQHandler
                0x0000000008002cf8                TIM3_IRQHandler
                0x0000000008002cf8                RCC_IRQHandler
                0x0000000008002cf8                TIM8_BRK_TIM12_IRQHandler
                0x0000000008002cf8                Default_Handler
                0x0000000008002cf8                ADC_IRQHandler
                0x0000000008002cf8                DMA1_Stream7_IRQHandler
                0x0000000008002cf8                TIM7_IRQHandler
                0x0000000008002cf8                CAN2_TX_IRQHandler
                0x0000000008002cf8                TIM5_IRQHandler
                0x0000000008002cf8                DMA2_Stream7_IRQHandler
                0x0000000008002cf8                I2C3_EV_IRQHandler
                0x0000000008002cf8                RTC_WKUP_IRQHandler
                0x0000000008002cf8                ETH_WKUP_IRQHandler
                0x0000000008002cf8                SPI2_IRQHandler
                0x0000000008002cf8                OTG_HS_EP1_IN_IRQHandler
                0x0000000008002cf8                DMA1_Stream0_IRQHandler
                0x0000000008002cf8                CAN1_TX_IRQHandler
                0x0000000008002cf8                EXTI4_IRQHandler
                0x0000000008002cf8                FSMC_IRQHandler
                0x0000000008002cf8                ETH_IRQHandler
                0x0000000008002cf8                OTG_HS_EP1_OUT_IRQHandler
                0x0000000008002cf8                WWDG_IRQHandler
                0x0000000008002cf8                TIM2_IRQHandler
                0x0000000008002cf8                OTG_FS_WKUP_IRQHandler
                0x0000000008002cf8                TIM1_TRG_COM_TIM11_IRQHandler
                0x0000000008002cf8                OTG_HS_IRQHandler
                0x0000000008002cf8                EXTI1_IRQHandler
                0x0000000008002cf8                USART2_IRQHandler
                0x0000000008002cf8                I2C2_ER_IRQHandler
                0x0000000008002cf8                DMA2_Stream1_IRQHandler
                0x0000000008002cf8                CAN1_SCE_IRQHandler
                0x0000000008002cf8                FLASH_IRQHandler
                0x0000000008002cf8                DMA2_Stream4_IRQHandler
                0x0000000008002cf8                USART1_IRQHandler
                0x0000000008002cf8                OTG_FS_IRQHandler
                0x0000000008002cf8                SPI3_IRQHandler
                0x0000000008002cf8                DMA1_Stream4_IRQHandler
                0x0000000008002cf8                I2C1_ER_IRQHandler
                0x0000000008002cf8                DMA2_Stream6_IRQHandler
                0x0000000008002cf8                DMA1_Stream3_IRQHandler
 .text.NMI_Handler
                0x0000000008002cfa        0xe src/stm32f4xx_it.o
                0x0000000008002cfa                NMI_Handler
 .text.HardFault_Handler
                0x0000000008002d08        0x6 src/stm32f4xx_it.o
                0x0000000008002d08                HardFault_Handler
 .text.MemManage_Handler
                0x0000000008002d0e        0x6 src/stm32f4xx_it.o
                0x0000000008002d0e                MemManage_Handler
 .text.BusFault_Handler
                0x0000000008002d14        0x6 src/stm32f4xx_it.o
                0x0000000008002d14                BusFault_Handler
 .text.UsageFault_Handler
                0x0000000008002d1a        0x6 src/stm32f4xx_it.o
                0x0000000008002d1a                UsageFault_Handler
 .text.SVC_Handler
                0x0000000008002d20        0xe src/stm32f4xx_it.o
                0x0000000008002d20                SVC_Handler
 .text.DebugMon_Handler
                0x0000000008002d2e        0xe src/stm32f4xx_it.o
                0x0000000008002d2e                DebugMon_Handler
 .text.PendSV_Handler
                0x0000000008002d3c        0xe src/stm32f4xx_it.o
                0x0000000008002d3c                PendSV_Handler
 .text.SysTick_Handler
                0x0000000008002d4a        0xe src/stm32f4xx_it.o
                0x0000000008002d4a                SysTick_Handler
 .text.SystemInit
                0x0000000008002d58       0x6c src/system_stm32f4xx.o
                0x0000000008002d58                SystemInit
 .text.SetSysClock
                0x0000000008002dc4       0xf8 src/system_stm32f4xx.o
 .text.ts_itoa  0x0000000008002ebc       0x92 src/tiny_printf.o
                0x0000000008002ebc                ts_itoa
 .text.ts_formatstring
                0x0000000008002f4e      0x12e src/tiny_printf.o
                0x0000000008002f4e                ts_formatstring
 .text.siprintf
                0x000000000800307c       0x2c src/tiny_printf.o
                0x000000000800307c                sprintf
                0x000000000800307c                siprintf
 .text.__libc_init_array
                0x00000000080030a8       0x48 /opt/st/stm32cubeide_1.4.0/plugins/com.st.stm32cube.ide.mcu.externaltools.gnu-tools-for-stm32.7-2018-q2-update.linux64_1.4.0.202007081208/tools/bin/../lib/gcc/arm-none-eabi/7.3.1/../../../../arm-none-eabi/lib/thumb/v7e-m/fpv4-sp/hard/libc_nano.a(lib_a-init.o)
                0x00000000080030a8                __libc_init_array
 .text.memset   0x00000000080030f0       0x10 /opt/st/stm32cubeide_1.4.0/plugins/com.st.stm32cube.ide.mcu.externaltools.gnu-tools-for-stm32.7-2018-q2-update.linux64_1.4.0.202007081208/tools/bin/../lib/gcc/arm-none-eabi/7.3.1/../../../../arm-none-eabi/lib/thumb/v7e-m/fpv4-sp/hard/libc_nano.a(lib_a-memset.o)
                0x00000000080030f0                memset
 .text._vsprintf_r
                0x0000000008003100       0x2c /opt/st/stm32cubeide_1.4.0/plugins/com.st.stm32cube.ide.mcu.externaltools.gnu-tools-for-stm32.7-2018-q2-update.linux64_1.4.0.202007081208/tools/bin/../lib/gcc/arm-none-eabi/7.3.1/../../../../arm-none-eabi/lib/thumb/v7e-m/fpv4-sp/hard/libc_nano.a(lib_a-vsprintf.o)
                0x0000000008003100                _vsiprintf_r
                0x0000000008003100                _vsprintf_r
 .text.vsprintf
                0x000000000800312c       0x14 /opt/st/stm32cubeide_1.4.0/plugins/com.st.stm32cube.ide.mcu.externaltools.gnu-tools-for-stm32.7-2018-q2-update.linux64_1.4.0.202007081208/tools/bin/../lib/gcc/arm-none-eabi/7.3.1/../../../../arm-none-eabi/lib/thumb/v7e-m/fpv4-sp/hard/libc_nano.a(lib_a-vsprintf.o)
                0x000000000800312c                vsprintf
                0x000000000800312c                vsiprintf
 .text.__ssputs_r
                0x0000000008003140       0xb4 /opt/st/stm32cubeide_1.4.0/plugins/com.st.stm32cube.ide.mcu.externaltools.gnu-tools-for-stm32.7-2018-q2-update.linux64_1.4.0.202007081208/tools/bin/../lib/gcc/arm-none-eabi/7.3.1/../../../../arm-none-eabi/lib/thumb/v7e-m/fpv4-sp/hard/libc_nano.a(lib_a-nano-svfprintf.o)
                0x0000000008003140                __ssputs_r
 .text._svfprintf_r
                0x00000000080031f4      0x1f0 /opt/st/stm32cubeide_1.4.0/plugins/com.st.stm32cube.ide.mcu.externaltools.gnu-tools-for-stm32.7-2018-q2-update.linux64_1.4.0.202007081208/tools/bin/../lib/gcc/arm-none-eabi/7.3.1/../../../../arm-none-eabi/lib/thumb/v7e-m/fpv4-sp/hard/libc_nano.a(lib_a-nano-svfprintf.o)
                0x00000000080031f4                _svfprintf_r
                0x00000000080031f4                _svfiprintf_r
 .text._printf_common
                0x00000000080033e4       0xea /opt/st/stm32cubeide_1.4.0/plugins/com.st.stm32cube.ide.mcu.externaltools.gnu-tools-for-stm32.7-2018-q2-update.linux64_1.4.0.202007081208/tools/bin/../lib/gcc/arm-none-eabi/7.3.1/../../../../arm-none-eabi/lib/thumb/v7e-m/fpv4-sp/hard/libc_nano.a(lib_a-nano-vfprintf_i.o)
                0x00000000080033e4                _printf_common
 *fill*         0x00000000080034ce        0x2 
 .text._printf_i
                0x00000000080034d0      0x224 /opt/st/stm32cubeide_1.4.0/plugins/com.st.stm32cube.ide.mcu.externaltools.gnu-tools-for-stm32.7-2018-q2-update.linux64_1.4.0.202007081208/tools/bin/../lib/gcc/arm-none-eabi/7.3.1/../../../../arm-none-eabi/lib/thumb/v7e-m/fpv4-sp/hard/libc_nano.a(lib_a-nano-vfprintf_i.o)
                0x00000000080034d0                _printf_i
 .text.memcpy   0x00000000080036f4       0x16 /opt/st/stm32cubeide_1.4.0/plugins/com.st.stm32cube.ide.mcu.externaltools.gnu-tools-for-stm32.7-2018-q2-update.linux64_1.4.0.202007081208/tools/bin/../lib/gcc/arm-none-eabi/7.3.1/../../../../arm-none-eabi/lib/thumb/v7e-m/fpv4-sp/hard/libc_nano.a(lib_a-memcpy-stub.o)
                0x00000000080036f4                memcpy
 .text.memmove  0x000000000800370a       0x32 /opt/st/stm32cubeide_1.4.0/plugins/com.st.stm32cube.ide.mcu.externaltools.gnu-tools-for-stm32.7-2018-q2-update.linux64_1.4.0.202007081208/tools/bin/../lib/gcc/arm-none-eabi/7.3.1/../../../../arm-none-eabi/lib/thumb/v7e-m/fpv4-sp/hard/libc_nano.a(lib_a-memmove.o)
                0x000000000800370a                memmove
 .text._free_r  0x000000000800373c       0x9c /opt/st/stm32cubeide_1.4.0/plugins/com.st.stm32cube.ide.mcu.externaltools.gnu-tools-for-stm32.7-2018-q2-update.linux64_1.4.0.202007081208/tools/bin/../lib/gcc/arm-none-eabi/7.3.1/../../../../arm-none-eabi/lib/thumb/v7e-m/fpv4-sp/hard/libc_nano.a(lib_a-nano-freer.o)
                0x000000000800373c                _free_r
 .text._malloc_r
                0x00000000080037d8       0xb4 /opt/st/stm32cubeide_1.4.0/plugins/com.st.stm32cube.ide.mcu.externaltools.gnu-tools-for-stm32.7-2018-q2-update.linux64_1.4.0.202007081208/tools/bin/../lib/gcc/arm-none-eabi/7.3.1/../../../../arm-none-eabi/lib/thumb/v7e-m/fpv4-sp/hard/libc_nano.a(lib_a-nano-mallocr.o)
                0x00000000080037d8                _malloc_r
 .text._realloc_r
                0x000000000800388c       0x4c /opt/st/stm32cubeide_1.4.0/plugins/com.st.stm32cube.ide.mcu.externaltools.gnu-tools-for-stm32.7-2018-q2-update.linux64_1.4.0.202007081208/tools/bin/../lib/gcc/arm-none-eabi/7.3.1/../../../../arm-none-eabi/lib/thumb/v7e-m/fpv4-sp/hard/libc_nano.a(lib_a-nano-reallocr.o)
                0x000000000800388c                _realloc_r
 .text._sbrk_r  0x00000000080038d8       0x20 /opt/st/stm32cubeide_1.4.0/plugins/com.st.stm32cube.ide.mcu.externaltools.gnu-tools-for-stm32.7-2018-q2-update.linux64_1.4.0.202007081208/tools/bin/../lib/gcc/arm-none-eabi/7.3.1/../../../../arm-none-eabi/lib/thumb/v7e-m/fpv4-sp/hard/libc_nano.a(lib_a-sbrkr.o)
                0x00000000080038d8                _sbrk_r
 .text.__malloc_lock
                0x00000000080038f8        0x2 /opt/st/stm32cubeide_1.4.0/plugins/com.st.stm32cube.ide.mcu.externaltools.gnu-tools-for-stm32.7-2018-q2-update.linux64_1.4.0.202007081208/tools/bin/../lib/gcc/arm-none-eabi/7.3.1/../../../../arm-none-eabi/lib/thumb/v7e-m/fpv4-sp/hard/libc_nano.a(lib_a-mlock.o)
                0x00000000080038f8                __malloc_lock
 .text.__malloc_unlock
                0x00000000080038fa        0x2 /opt/st/stm32cubeide_1.4.0/plugins/com.st.stm32cube.ide.mcu.externaltools.gnu-tools-for-stm32.7-2018-q2-update.linux64_1.4.0.202007081208/tools/bin/../lib/gcc/arm-none-eabi/7.3.1/../../../../arm-none-eabi/lib/thumb/v7e-m/fpv4-sp/hard/libc_nano.a(lib_a-mlock.o)
                0x00000000080038fa                __malloc_unlock
 .text._malloc_usable_size_r
                0x00000000080038fc       0x10 /opt/st/stm32cubeide_1.4.0/plugins/com.st.stm32cube.ide.mcu.externaltools.gnu-tools-for-stm32.7-2018-q2-update.linux64_1.4.0.202007081208/tools/bin/../lib/gcc/arm-none-eabi/7.3.1/../../../../arm-none-eabi/lib/thumb/v7e-m/fpv4-sp/hard/libc_nano.a(lib_a-nano-msizer.o)
                0x00000000080038fc                _malloc_usable_size_r
 .text._sbrk    0x000000000800390c       0x1c /opt/st/stm32cubeide_1.4.0/plugins/com.st.stm32cube.ide.mcu.externaltools.gnu-tools-for-stm32.7-2018-q2-update.linux64_1.4.0.202007081208/tools/bin/../lib/gcc/arm-none-eabi/7.3.1/../../../../arm-none-eabi/lib/thumb/v7e-m/fpv4-sp/hard/libnosys.a(sbrk.o)
                0x000000000800390c                _sbrk
 *(.glue_7)
 .glue_7        0x0000000008003928        0x0 linker stubs
 *(.glue_7t)
 .glue_7t       0x0000000008003928        0x0 linker stubs
 *(.eh_frame)
 .eh_frame      0x0000000008003928        0x0 /opt/st/stm32cubeide_1.4.0/plugins/com.st.stm32cube.ide.mcu.externaltools.gnu-tools-for-stm32.7-2018-q2-update.linux64_1.4.0.202007081208/tools/bin/../lib/gcc/arm-none-eabi/7.3.1/thumb/v7e-m/fpv4-sp/hard/crtbegin.o
 *(.init)
 .init          0x0000000008003928        0x4 /opt/st/stm32cubeide_1.4.0/plugins/com.st.stm32cube.ide.mcu.externaltools.gnu-tools-for-stm32.7-2018-q2-update.linux64_1.4.0.202007081208/tools/bin/../lib/gcc/arm-none-eabi/7.3.1/thumb/v7e-m/fpv4-sp/hard/crti.o
                0x0000000008003928                _init
 .init          0x000000000800392c        0x8 /opt/st/stm32cubeide_1.4.0/plugins/com.st.stm32cube.ide.mcu.externaltools.gnu-tools-for-stm32.7-2018-q2-update.linux64_1.4.0.202007081208/tools/bin/../lib/gcc/arm-none-eabi/7.3.1/thumb/v7e-m/fpv4-sp/hard/crtn.o
 *(.fini)
 .fini          0x0000000008003934        0x4 /opt/st/stm32cubeide_1.4.0/plugins/com.st.stm32cube.ide.mcu.externaltools.gnu-tools-for-stm32.7-2018-q2-update.linux64_1.4.0.202007081208/tools/bin/../lib/gcc/arm-none-eabi/7.3.1/thumb/v7e-m/fpv4-sp/hard/crti.o
                0x0000000008003934                _fini
 .fini          0x0000000008003938        0x8 /opt/st/stm32cubeide_1.4.0/plugins/com.st.stm32cube.ide.mcu.externaltools.gnu-tools-for-stm32.7-2018-q2-update.linux64_1.4.0.202007081208/tools/bin/../lib/gcc/arm-none-eabi/7.3.1/thumb/v7e-m/fpv4-sp/hard/crtn.o
                0x0000000008003940                . = ALIGN (0x4)
                0x0000000008003940                _etext = .

.vfp11_veneer   0x0000000008003940        0x0
 .vfp11_veneer  0x0000000008003940        0x0 linker stubs

.v4_bx          0x0000000008003940        0x0
 .v4_bx         0x0000000008003940        0x0 linker stubs

.iplt           0x0000000008003940        0x0
 .iplt          0x0000000008003940        0x0 /opt/st/stm32cubeide_1.4.0/plugins/com.st.stm32cube.ide.mcu.externaltools.gnu-tools-for-stm32.7-2018-q2-update.linux64_1.4.0.202007081208/tools/bin/../lib/gcc/arm-none-eabi/7.3.1/thumb/v7e-m/fpv4-sp/hard/crtbegin.o

.rodata         0x0000000008003940      0x11c
                0x0000000008003940                . = ALIGN (0x4)
 *(.rodata)
 .rodata        0x0000000008003940       0xcc src/drivers/MEMS.o
 .rodata        0x0000000008003a0c       0x1a src/drivers/interrupts.o
 *(.rodata*)
 .rodata._svfprintf_r.str1.1
                0x0000000008003a26       0x11 /opt/st/stm32cubeide_1.4.0/plugins/com.st.stm32cube.ide.mcu.externaltools.gnu-tools-for-stm32.7-2018-q2-update.linux64_1.4.0.202007081208/tools/bin/../lib/gcc/arm-none-eabi/7.3.1/../../../../arm-none-eabi/lib/thumb/v7e-m/fpv4-sp/hard/libc_nano.a(lib_a-nano-svfprintf.o)
 .rodata._printf_i.str1.1
                0x0000000008003a37       0x22 /opt/st/stm32cubeide_1.4.0/plugins/com.st.stm32cube.ide.mcu.externaltools.gnu-tools-for-stm32.7-2018-q2-update.linux64_1.4.0.202007081208/tools/bin/../lib/gcc/arm-none-eabi/7.3.1/../../../../arm-none-eabi/lib/thumb/v7e-m/fpv4-sp/hard/libc_nano.a(lib_a-nano-vfprintf_i.o)
                0x0000000008003a5c                . = ALIGN (0x4)
 *fill*         0x0000000008003a59        0x3 

.rel.dyn        0x0000000008003a5c        0x0
 .rel.iplt      0x0000000008003a5c        0x0 /opt/st/stm32cubeide_1.4.0/plugins/com.st.stm32cube.ide.mcu.externaltools.gnu-tools-for-stm32.7-2018-q2-update.linux64_1.4.0.202007081208/tools/bin/../lib/gcc/arm-none-eabi/7.3.1/thumb/v7e-m/fpv4-sp/hard/crtbegin.o

.ARM.extab
 *(.ARM.extab* .gnu.linkonce.armextab.*)

.ARM            0x0000000008003a5c        0x0
                0x0000000008003a5c                __exidx_start = .
 *(.ARM.exidx*)
                0x0000000008003a5c                __exidx_end = .

.preinit_array  0x0000000008003a5c        0x0
                0x0000000008003a5c                PROVIDE (__preinit_array_start = .)
 *(.preinit_array*)
                0x0000000008003a5c                PROVIDE (__preinit_array_end = .)

.init_array     0x0000000008003a5c        0x4
                0x0000000008003a5c                PROVIDE (__init_array_start = .)
 *(SORT_BY_NAME(.init_array.*))
 *(.init_array*)
 .init_array    0x0000000008003a5c        0x4 /opt/st/stm32cubeide_1.4.0/plugins/com.st.stm32cube.ide.mcu.externaltools.gnu-tools-for-stm32.7-2018-q2-update.linux64_1.4.0.202007081208/tools/bin/../lib/gcc/arm-none-eabi/7.3.1/thumb/v7e-m/fpv4-sp/hard/crtbegin.o
                0x0000000008003a60                PROVIDE (__init_array_end = .)

.fini_array     0x0000000008003a60        0x4
                [!provide]                        PROVIDE (__fini_array_start = .)
 *(SORT_BY_NAME(.fini_array.*))
 *(.fini_array*)
 .fini_array    0x0000000008003a60        0x4 /opt/st/stm32cubeide_1.4.0/plugins/com.st.stm32cube.ide.mcu.externaltools.gnu-tools-for-stm32.7-2018-q2-update.linux64_1.4.0.202007081208/tools/bin/../lib/gcc/arm-none-eabi/7.3.1/thumb/v7e-m/fpv4-sp/hard/crtbegin.o
                [!provide]                        PROVIDE (__fini_array_end = .)
                0x0000000008003a64                _sidata = LOADADDR (.data)

.data           0x0000000020000000       0x74 load address 0x0000000008003a64
                0x0000000020000000                . = ALIGN (0x4)
                0x0000000020000000                _sdata = .
 *(.data)
 *(.data*)
 .data.APBAHBPrescTable
                0x0000000020000000       0x10 Libraries/STM32F4xx_StdPeriph_Driver/src/stm32f4xx_rcc.o
 .data._impure_ptr
                0x0000000020000010        0x4 /opt/st/stm32cubeide_1.4.0/plugins/com.st.stm32cube.ide.mcu.externaltools.gnu-tools-for-stm32.7-2018-q2-update.linux64_1.4.0.202007081208/tools/bin/../lib/gcc/arm-none-eabi/7.3.1/../../../../arm-none-eabi/lib/thumb/v7e-m/fpv4-sp/hard/libc_nano.a(lib_a-impure.o)
                0x0000000020000010                _impure_ptr
 .data.impure_data
                0x0000000020000014       0x60 /opt/st/stm32cubeide_1.4.0/plugins/com.st.stm32cube.ide.mcu.externaltools.gnu-tools-for-stm32.7-2018-q2-update.linux64_1.4.0.202007081208/tools/bin/../lib/gcc/arm-none-eabi/7.3.1/../../../../arm-none-eabi/lib/thumb/v7e-m/fpv4-sp/hard/libc_nano.a(lib_a-impure.o)
                0x0000000020000074                . = ALIGN (0x4)
                0x0000000020000074                _edata = .
                0x0000000008003ad8                _siccmram = LOADADDR (.ccmram)

.igot.plt       0x0000000020000074        0x0 load address 0x0000000008003ad8
 .igot.plt      0x0000000020000074        0x0 /opt/st/stm32cubeide_1.4.0/plugins/com.st.stm32cube.ide.mcu.externaltools.gnu-tools-for-stm32.7-2018-q2-update.linux64_1.4.0.202007081208/tools/bin/../lib/gcc/arm-none-eabi/7.3.1/thumb/v7e-m/fpv4-sp/hard/crtbegin.o

.ccmram         0x0000000010000000        0x0 load address 0x0000000008003ad8
                0x0000000010000000                . = ALIGN (0x4)
                0x0000000010000000                _sccmram = .
 *(.ccmram)
 *(.ccmram*)
                0x0000000010000000                . = ALIGN (0x4)
                0x0000000010000000                _eccmram = .
                0x0000000010000000                . = ALIGN (0x4)

.bss            0x0000000020000074      0x250
                0x0000000020000074                _sbss = .
                0x0000000020000074                __bss_start__ = _sbss
 *(.bss)
 .bss           0x0000000020000074       0x1c /opt/st/stm32cubeide_1.4.0/plugins/com.st.stm32cube.ide.mcu.externaltools.gnu-tools-for-stm32.7-2018-q2-update.linux64_1.4.0.202007081208/tools/bin/../lib/gcc/arm-none-eabi/7.3.1/thumb/v7e-m/fpv4-sp/hard/crtbegin.o
 *(.bss*)
 .bss.USART_printf_buffer
                0x0000000020000090      0x100 src/drivers/USART.o
 .bss.RCC_Clocks
                0x0000000020000190       0x10 src/drivers/clock_config.o
 .bss.__malloc_free_list
                0x00000000200001a0        0x4 /opt/st/stm32cubeide_1.4.0/plugins/com.st.stm32cube.ide.mcu.externaltools.gnu-tools-for-stm32.7-2018-q2-update.linux64_1.4.0.202007081208/tools/bin/../lib/gcc/arm-none-eabi/7.3.1/../../../../arm-none-eabi/lib/thumb/v7e-m/fpv4-sp/hard/libc_nano.a(lib_a-nano-mallocr.o)
                0x00000000200001a0                __malloc_free_list
 .bss.__malloc_sbrk_start
                0x00000000200001a4        0x4 /opt/st/stm32cubeide_1.4.0/plugins/com.st.stm32cube.ide.mcu.externaltools.gnu-tools-for-stm32.7-2018-q2-update.linux64_1.4.0.202007081208/tools/bin/../lib/gcc/arm-none-eabi/7.3.1/../../../../arm-none-eabi/lib/thumb/v7e-m/fpv4-sp/hard/libc_nano.a(lib_a-nano-mallocr.o)
                0x00000000200001a4                __malloc_sbrk_start
 .bss.heap_end.5377
                0x00000000200001a8        0x4 /opt/st/stm32cubeide_1.4.0/plugins/com.st.stm32cube.ide.mcu.externaltools.gnu-tools-for-stm32.7-2018-q2-update.linux64_1.4.0.202007081208/tools/bin/../lib/gcc/arm-none-eabi/7.3.1/../../../../arm-none-eabi/lib/thumb/v7e-m/fpv4-sp/hard/libnosys.a(sbrk.o)
 *(COMMON)
 COMMON         0x00000000200001ac        0xc src/drivers/Buttons.o
                0x00000000200001ac                RIGHT_BUTTON_state
                0x00000000200001ad                DOWN_BUTTON_state
                0x00000000200001ae                UP_BUTTON_state
                0x00000000200001af                OK_BUTTON_state
                0x00000000200001b0                USER_BUTTON_state
                0x00000000200001b1                LEFT_BUTTON_state
                0x00000000200001b4                timing_dalay
 COMMON         0x00000000200001b8      0x104 src/drivers/CAN_BUS.o
                0x00000000200001b8                USART3_RX_DATA
                0x00000000200001bc                USART3_BUFFER
 COMMON         0x00000000200002bc        0x4 src/drivers/interrupts.o
                0x00000000200002bc                usart3_buffer_iterrator
 COMMON         0x00000000200002c0        0x4 /opt/st/stm32cubeide_1.4.0/plugins/com.st.stm32cube.ide.mcu.externaltools.gnu-tools-for-stm32.7-2018-q2-update.linux64_1.4.0.202007081208/tools/bin/../lib/gcc/arm-none-eabi/7.3.1/../../../../arm-none-eabi/lib/thumb/v7e-m/fpv4-sp/hard/libc_nano.a(lib_a-reent.o)
                0x00000000200002c0                errno
                0x00000000200002c4                . = ALIGN (0x4)
                0x00000000200002c4                _ebss = .
                0x00000000200002c4                __bss_end__ = _ebss

._user_heap_stack
                0x00000000200002c4      0x400
                0x00000000200002c4                . = ALIGN (0x4)
                0x00000000200002c4                PROVIDE (end = .)
                [!provide]                        PROVIDE (_end = .)
                0x00000000200002c4                . = (. + _Min_Heap_Size)
                0x00000000200006c4                . = (. + _Min_Stack_Size)
 *fill*         0x00000000200002c4      0x400 
                0x00000000200006c4                . = ALIGN (0x4)

.memory_b1_text
 *(.mb1text)
 *(.mb1text*)
 *(.mb1rodata)
 *(.mb1rodata*)

/DISCARD/
 libc.a(*)
 libm.a(*)
 libgcc.a(*)

.ARM.attributes
                0x0000000000000000       0x30
 *(.ARM.attributes)
 .ARM.attributes
                0x0000000000000000       0x22 /opt/st/stm32cubeide_1.4.0/plugins/com.st.stm32cube.ide.mcu.externaltools.gnu-tools-for-stm32.7-2018-q2-update.linux64_1.4.0.202007081208/tools/bin/../lib/gcc/arm-none-eabi/7.3.1/thumb/v7e-m/fpv4-sp/hard/crti.o
 .ARM.attributes
                0x0000000000000022       0x34 /opt/st/stm32cubeide_1.4.0/plugins/com.st.stm32cube.ide.mcu.externaltools.gnu-tools-for-stm32.7-2018-q2-update.linux64_1.4.0.202007081208/tools/bin/../lib/gcc/arm-none-eabi/7.3.1/thumb/v7e-m/fpv4-sp/hard/crtbegin.o
 .ARM.attributes
                0x0000000000000056       0x39 Libraries/STM32F4xx_StdPeriph_Driver/src/misc.o
 .ARM.attributes
                0x000000000000008f       0x39 Libraries/STM32F4xx_StdPeriph_Driver/src/stm32f4xx_can.o
 .ARM.attributes
                0x00000000000000c8       0x39 Libraries/STM32F4xx_StdPeriph_Driver/src/stm32f4xx_exti.o
 .ARM.attributes
                0x0000000000000101       0x39 Libraries/STM32F4xx_StdPeriph_Driver/src/stm32f4xx_gpio.o
 .ARM.attributes
                0x000000000000013a       0x39 Libraries/STM32F4xx_StdPeriph_Driver/src/stm32f4xx_i2c.o
 .ARM.attributes
                0x0000000000000173       0x39 Libraries/STM32F4xx_StdPeriph_Driver/src/stm32f4xx_rcc.o
 .ARM.attributes
                0x00000000000001ac       0x39 Libraries/STM32F4xx_StdPeriph_Driver/src/stm32f4xx_syscfg.o
 .ARM.attributes
                0x00000000000001e5       0x39 Libraries/STM32F4xx_StdPeriph_Driver/src/stm32f4xx_usart.o
 .ARM.attributes
                0x000000000000021e       0x39 src/drivers/Buttons.o
 .ARM.attributes
                0x0000000000000257       0x39 src/drivers/CAN_BUS.o
 .ARM.attributes
                0x0000000000000290       0x39 src/drivers/DISPLAY_WH1602B_4Bit.o
 .ARM.attributes
                0x00000000000002c9       0x39 src/drivers/LEDs.o
 .ARM.attributes
                0x0000000000000302       0x39 src/drivers/MEMS.o
 .ARM.attributes
                0x000000000000033b       0x39 src/drivers/USART.o
 .ARM.attributes
                0x0000000000000374       0x39 src/drivers/clock_config.o
 .ARM.attributes
                0x00000000000003ad       0x39 src/drivers/i2c.o
 .ARM.attributes
                0x00000000000003e6       0x39 src/drivers/interrupts.o
 .ARM.attributes
                0x000000000000041f       0x39 src/drivers/peripheral_pinout.o
 .ARM.attributes
                0x0000000000000458       0x39 src/main.o
 .ARM.attributes
                0x0000000000000491       0x21 src/startup_stm32f40xx.o
 .ARM.attributes
                0x00000000000004b2       0x39 src/stm32f4xx_it.o
 .ARM.attributes
                0x00000000000004eb       0x39 src/system_stm32f4xx.o
 .ARM.attributes
                0x0000000000000524       0x39 src/tiny_printf.o
 .ARM.attributes
                0x000000000000055d       0x34 /opt/st/stm32cubeide_1.4.0/plugins/com.st.stm32cube.ide.mcu.externaltools.gnu-tools-for-stm32.7-2018-q2-update.linux64_1.4.0.202007081208/tools/bin/../lib/gcc/arm-none-eabi/7.3.1/../../../../arm-none-eabi/lib/thumb/v7e-m/fpv4-sp/hard/libc_nano.a(lib_a-impure.o)
 .ARM.attributes
                0x0000000000000591       0x34 /opt/st/stm32cubeide_1.4.0/plugins/com.st.stm32cube.ide.mcu.externaltools.gnu-tools-for-stm32.7-2018-q2-update.linux64_1.4.0.202007081208/tools/bin/../lib/gcc/arm-none-eabi/7.3.1/../../../../arm-none-eabi/lib/thumb/v7e-m/fpv4-sp/hard/libc_nano.a(lib_a-init.o)
 .ARM.attributes
                0x00000000000005c5       0x34 /opt/st/stm32cubeide_1.4.0/plugins/com.st.stm32cube.ide.mcu.externaltools.gnu-tools-for-stm32.7-2018-q2-update.linux64_1.4.0.202007081208/tools/bin/../lib/gcc/arm-none-eabi/7.3.1/../../../../arm-none-eabi/lib/thumb/v7e-m/fpv4-sp/hard/libc_nano.a(lib_a-memset.o)
 .ARM.attributes
                0x00000000000005f9       0x1b /opt/st/stm32cubeide_1.4.0/plugins/com.st.stm32cube.ide.mcu.externaltools.gnu-tools-for-stm32.7-2018-q2-update.linux64_1.4.0.202007081208/tools/bin/../lib/gcc/arm-none-eabi/7.3.1/../../../../arm-none-eabi/lib/thumb/v7e-m/fpv4-sp/hard/libc_nano.a(lib_a-strlen.o)
 .ARM.attributes
                0x0000000000000614       0x34 /opt/st/stm32cubeide_1.4.0/plugins/com.st.stm32cube.ide.mcu.externaltools.gnu-tools-for-stm32.7-2018-q2-update.linux64_1.4.0.202007081208/tools/bin/../lib/gcc/arm-none-eabi/7.3.1/../../../../arm-none-eabi/lib/thumb/v7e-m/fpv4-sp/hard/libc_nano.a(lib_a-vsprintf.o)
 .ARM.attributes
                0x0000000000000648       0x34 /opt/st/stm32cubeide_1.4.0/plugins/com.st.stm32cube.ide.mcu.externaltools.gnu-tools-for-stm32.7-2018-q2-update.linux64_1.4.0.202007081208/tools/bin/../lib/gcc/arm-none-eabi/7.3.1/../../../../arm-none-eabi/lib/thumb/v7e-m/fpv4-sp/hard/libc_nano.a(lib_a-nano-svfprintf.o)
 .ARM.attributes
                0x000000000000067c       0x34 /opt/st/stm32cubeide_1.4.0/plugins/com.st.stm32cube.ide.mcu.externaltools.gnu-tools-for-stm32.7-2018-q2-update.linux64_1.4.0.202007081208/tools/bin/../lib/gcc/arm-none-eabi/7.3.1/../../../../arm-none-eabi/lib/thumb/v7e-m/fpv4-sp/hard/libc_nano.a(lib_a-nano-vfprintf_i.o)
 .ARM.attributes
                0x00000000000006b0       0x20 /opt/st/stm32cubeide_1.4.0/plugins/com.st.stm32cube.ide.mcu.externaltools.gnu-tools-for-stm32.7-2018-q2-update.linux64_1.4.0.202007081208/tools/bin/../lib/gcc/arm-none-eabi/7.3.1/../../../../arm-none-eabi/lib/thumb/v7e-m/fpv4-sp/hard/libc_nano.a(lib_a-memchr.o)
 .ARM.attributes
                0x00000000000006d0       0x34 /opt/st/stm32cubeide_1.4.0/plugins/com.st.stm32cube.ide.mcu.externaltools.gnu-tools-for-stm32.7-2018-q2-update.linux64_1.4.0.202007081208/tools/bin/../lib/gcc/arm-none-eabi/7.3.1/../../../../arm-none-eabi/lib/thumb/v7e-m/fpv4-sp/hard/libc_nano.a(lib_a-memcpy-stub.o)
 .ARM.attributes
                0x0000000000000704       0x34 /opt/st/stm32cubeide_1.4.0/plugins/com.st.stm32cube.ide.mcu.externaltools.gnu-tools-for-stm32.7-2018-q2-update.linux64_1.4.0.202007081208/tools/bin/../lib/gcc/arm-none-eabi/7.3.1/../../../../arm-none-eabi/lib/thumb/v7e-m/fpv4-sp/hard/libc_nano.a(lib_a-memmove.o)
 .ARM.attributes
                0x0000000000000738       0x34 /opt/st/stm32cubeide_1.4.0/plugins/com.st.stm32cube.ide.mcu.externaltools.gnu-tools-for-stm32.7-2018-q2-update.linux64_1.4.0.202007081208/tools/bin/../lib/gcc/arm-none-eabi/7.3.1/../../../../arm-none-eabi/lib/thumb/v7e-m/fpv4-sp/hard/libc_nano.a(lib_a-nano-freer.o)
 .ARM.attributes
                0x000000000000076c       0x34 /opt/st/stm32cubeide_1.4.0/plugins/com.st.stm32cube.ide.mcu.externaltools.gnu-tools-for-stm32.7-2018-q2-update.linux64_1.4.0.202007081208/tools/bin/../lib/gcc/arm-none-eabi/7.3.1/../../../../arm-none-eabi/lib/thumb/v7e-m/fpv4-sp/hard/libc_nano.a(lib_a-nano-mallocr.o)
 .ARM.attributes
                0x00000000000007a0       0x34 /opt/st/stm32cubeide_1.4.0/plugins/com.st.stm32cube.ide.mcu.externaltools.gnu-tools-for-stm32.7-2018-q2-update.linux64_1.4.0.202007081208/tools/bin/../lib/gcc/arm-none-eabi/7.3.1/../../../../arm-none-eabi/lib/thumb/v7e-m/fpv4-sp/hard/libc_nano.a(lib_a-nano-reallocr.o)
 .ARM.attributes
                0x00000000000007d4       0x34 /opt/st/stm32cubeide_1.4.0/plugins/com.st.stm32cube.ide.mcu.externaltools.gnu-tools-for-stm32.7-2018-q2-update.linux64_1.4.0.202007081208/tools/bin/../lib/gcc/arm-none-eabi/7.3.1/../../../../arm-none-eabi/lib/thumb/v7e-m/fpv4-sp/hard/libc_nano.a(lib_a-sbrkr.o)
 .ARM.attributes
                0x0000000000000808       0x34 /opt/st/stm32cubeide_1.4.0/plugins/com.st.stm32cube.ide.mcu.externaltools.gnu-tools-for-stm32.7-2018-q2-update.linux64_1.4.0.202007081208/tools/bin/../lib/gcc/arm-none-eabi/7.3.1/../../../../arm-none-eabi/lib/thumb/v7e-m/fpv4-sp/hard/libc_nano.a(lib_a-mlock.o)
 .ARM.attributes
                0x000000000000083c       0x34 /opt/st/stm32cubeide_1.4.0/plugins/com.st.stm32cube.ide.mcu.externaltools.gnu-tools-for-stm32.7-2018-q2-update.linux64_1.4.0.202007081208/tools/bin/../lib/gcc/arm-none-eabi/7.3.1/../../../../arm-none-eabi/lib/thumb/v7e-m/fpv4-sp/hard/libc_nano.a(lib_a-nano-msizer.o)
 .ARM.attributes
                0x0000000000000870       0x34 /opt/st/stm32cubeide_1.4.0/plugins/com.st.stm32cube.ide.mcu.externaltools.gnu-tools-for-stm32.7-2018-q2-update.linux64_1.4.0.202007081208/tools/bin/../lib/gcc/arm-none-eabi/7.3.1/../../../../arm-none-eabi/lib/thumb/v7e-m/fpv4-sp/hard/libc_nano.a(lib_a-reent.o)
 .ARM.attributes
                0x00000000000008a4       0x34 /opt/st/stm32cubeide_1.4.0/plugins/com.st.stm32cube.ide.mcu.externaltools.gnu-tools-for-stm32.7-2018-q2-update.linux64_1.4.0.202007081208/tools/bin/../lib/gcc/arm-none-eabi/7.3.1/../../../../arm-none-eabi/lib/thumb/v7e-m/fpv4-sp/hard/libnosys.a(sbrk.o)
 .ARM.attributes
                0x00000000000008d8       0x22 /opt/st/stm32cubeide_1.4.0/plugins/com.st.stm32cube.ide.mcu.externaltools.gnu-tools-for-stm32.7-2018-q2-update.linux64_1.4.0.202007081208/tools/bin/../lib/gcc/arm-none-eabi/7.3.1/thumb/v7e-m/fpv4-sp/hard/crtn.o
OUTPUT(3D_accelerator_sensor.elf elf32-littlearm)

.debug_info     0x0000000000000000     0xd067
 .debug_info    0x0000000000000000      0x54b Libraries/STM32F4xx_StdPeriph_Driver/src/misc.o
 .debug_info    0x000000000000054b      0xbae Libraries/STM32F4xx_StdPeriph_Driver/src/stm32f4xx_can.o
 .debug_info    0x00000000000010f9      0x367 Libraries/STM32F4xx_StdPeriph_Driver/src/stm32f4xx_exti.o
 .debug_info    0x0000000000001460      0x62b Libraries/STM32F4xx_StdPeriph_Driver/src/stm32f4xx_gpio.o
 .debug_info    0x0000000000001a8b      0xb9e Libraries/STM32F4xx_StdPeriph_Driver/src/stm32f4xx_i2c.o
 .debug_info    0x0000000000002629      0xc98 Libraries/STM32F4xx_StdPeriph_Driver/src/stm32f4xx_rcc.o
 .debug_info    0x00000000000032c1      0x282 Libraries/STM32F4xx_StdPeriph_Driver/src/stm32f4xx_syscfg.o
 .debug_info    0x0000000000003543      0x9d4 Libraries/STM32F4xx_StdPeriph_Driver/src/stm32f4xx_usart.o
 .debug_info    0x0000000000003f17      0x6c7 src/drivers/Buttons.o
 .debug_info    0x00000000000045de      0xfd6 src/drivers/CAN_BUS.o
 .debug_info    0x00000000000055b4      0xd02 src/drivers/DISPLAY_WH1602B_4Bit.o
 .debug_info    0x00000000000062b6      0x3bd src/drivers/LEDs.o
 .debug_info    0x0000000000006673      0xde9 src/drivers/MEMS.o
 .debug_info    0x000000000000745c     0x1093 src/drivers/USART.o
 .debug_info    0x00000000000084ef      0x9e5 src/drivers/clock_config.o
 .debug_info    0x0000000000008ed4      0xd35 src/drivers/i2c.o
 .debug_info    0x0000000000009c09      0xf1f src/drivers/interrupts.o
 .debug_info    0x000000000000ab28      0x7ba src/drivers/peripheral_pinout.o
 .debug_info    0x000000000000b2e2      0x9c2 src/main.o
 .debug_info    0x000000000000bca4       0x22 src/startup_stm32f40xx.o
 .debug_info    0x000000000000bcc6      0x151 src/stm32f4xx_it.o
 .debug_info    0x000000000000be17      0x5db src/system_stm32f4xx.o
 .debug_info    0x000000000000c3f2      0xc75 src/tiny_printf.o

.debug_abbrev   0x0000000000000000     0x265d
 .debug_abbrev  0x0000000000000000      0x177 Libraries/STM32F4xx_StdPeriph_Driver/src/misc.o
 .debug_abbrev  0x0000000000000177      0x20b Libraries/STM32F4xx_StdPeriph_Driver/src/stm32f4xx_can.o
 .debug_abbrev  0x0000000000000382      0x1c3 Libraries/STM32F4xx_StdPeriph_Driver/src/stm32f4xx_exti.o
 .debug_abbrev  0x0000000000000545      0x1bf Libraries/STM32F4xx_StdPeriph_Driver/src/stm32f4xx_gpio.o
 .debug_abbrev  0x0000000000000704      0x196 Libraries/STM32F4xx_StdPeriph_Driver/src/stm32f4xx_i2c.o
 .debug_abbrev  0x000000000000089a      0x1fd Libraries/STM32F4xx_StdPeriph_Driver/src/stm32f4xx_rcc.o
 .debug_abbrev  0x0000000000000a97      0x14b Libraries/STM32F4xx_StdPeriph_Driver/src/stm32f4xx_syscfg.o
 .debug_abbrev  0x0000000000000be2      0x187 Libraries/STM32F4xx_StdPeriph_Driver/src/stm32f4xx_usart.o
 .debug_abbrev  0x0000000000000d69      0x162 src/drivers/Buttons.o
 .debug_abbrev  0x0000000000000ecb      0x207 src/drivers/CAN_BUS.o
 .debug_abbrev  0x00000000000010d2      0x230 src/drivers/DISPLAY_WH1602B_4Bit.o
 .debug_abbrev  0x0000000000001302      0x15e src/drivers/LEDs.o
 .debug_abbrev  0x0000000000001460      0x246 src/drivers/MEMS.o
 .debug_abbrev  0x00000000000016a6      0x29d src/drivers/USART.o
 .debug_abbrev  0x0000000000001943      0x192 src/drivers/clock_config.o
 .debug_abbrev  0x0000000000001ad5      0x201 src/drivers/i2c.o
 .debug_abbrev  0x0000000000001cd6      0x239 src/drivers/interrupts.o
 .debug_abbrev  0x0000000000001f0f      0x171 src/drivers/peripheral_pinout.o
 .debug_abbrev  0x0000000000002080      0x18e src/main.o
 .debug_abbrev  0x000000000000220e       0x12 src/startup_stm32f40xx.o
 .debug_abbrev  0x0000000000002220       0x7b src/stm32f4xx_it.o
 .debug_abbrev  0x000000000000229b      0x15d src/system_stm32f4xx.o
 .debug_abbrev  0x00000000000023f8      0x265 src/tiny_printf.o

.debug_aranges  0x0000000000000000      0xa60
 .debug_aranges
                0x0000000000000000       0x40 Libraries/STM32F4xx_StdPeriph_Driver/src/misc.o
 .debug_aranges
                0x0000000000000040       0xe0 Libraries/STM32F4xx_StdPeriph_Driver/src/stm32f4xx_can.o
 .debug_aranges
                0x0000000000000120       0x58 Libraries/STM32F4xx_StdPeriph_Driver/src/stm32f4xx_exti.o
 .debug_aranges
                0x0000000000000178       0x88 Libraries/STM32F4xx_StdPeriph_Driver/src/stm32f4xx_gpio.o
 .debug_aranges
                0x0000000000000200      0x130 Libraries/STM32F4xx_StdPeriph_Driver/src/stm32f4xx_i2c.o
 .debug_aranges
                0x0000000000000330      0x180 Libraries/STM32F4xx_StdPeriph_Driver/src/stm32f4xx_rcc.o
 .debug_aranges
                0x00000000000004b0       0x48 Libraries/STM32F4xx_StdPeriph_Driver/src/stm32f4xx_syscfg.o
 .debug_aranges
                0x00000000000004f8      0x100 Libraries/STM32F4xx_StdPeriph_Driver/src/stm32f4xx_usart.o
 .debug_aranges
                0x00000000000005f8       0x28 src/drivers/Buttons.o
 .debug_aranges
                0x0000000000000620       0x40 src/drivers/CAN_BUS.o
 .debug_aranges
                0x0000000000000660       0x78 src/drivers/DISPLAY_WH1602B_4Bit.o
 .debug_aranges
                0x00000000000006d8       0x40 src/drivers/LEDs.o
 .debug_aranges
                0x0000000000000718       0x68 src/drivers/MEMS.o
 .debug_aranges
                0x0000000000000780       0x88 src/drivers/USART.o
 .debug_aranges
                0x0000000000000808       0x58 src/drivers/clock_config.o
 .debug_aranges
                0x0000000000000860       0x58 src/drivers/i2c.o
 .debug_aranges
                0x00000000000008b8       0x40 src/drivers/interrupts.o
 .debug_aranges
                0x00000000000008f8       0x30 src/drivers/peripheral_pinout.o
 .debug_aranges
                0x0000000000000928       0x20 src/main.o
 .debug_aranges
                0x0000000000000948       0x28 src/startup_stm32f40xx.o
 .debug_aranges
                0x0000000000000970       0x60 src/stm32f4xx_it.o
 .debug_aranges
                0x00000000000009d0       0x30 src/system_stm32f4xx.o
 .debug_aranges
                0x0000000000000a00       0x60 src/tiny_printf.o

.debug_ranges   0x0000000000000000      0x8f8
 .debug_ranges  0x0000000000000000       0x30 Libraries/STM32F4xx_StdPeriph_Driver/src/misc.o
 .debug_ranges  0x0000000000000030       0xd0 Libraries/STM32F4xx_StdPeriph_Driver/src/stm32f4xx_can.o
 .debug_ranges  0x0000000000000100       0x48 Libraries/STM32F4xx_StdPeriph_Driver/src/stm32f4xx_exti.o
 .debug_ranges  0x0000000000000148       0x78 Libraries/STM32F4xx_StdPeriph_Driver/src/stm32f4xx_gpio.o
 .debug_ranges  0x00000000000001c0      0x120 Libraries/STM32F4xx_StdPeriph_Driver/src/stm32f4xx_i2c.o
 .debug_ranges  0x00000000000002e0      0x170 Libraries/STM32F4xx_StdPeriph_Driver/src/stm32f4xx_rcc.o
 .debug_ranges  0x0000000000000450       0x38 Libraries/STM32F4xx_StdPeriph_Driver/src/stm32f4xx_syscfg.o
 .debug_ranges  0x0000000000000488       0xf0 Libraries/STM32F4xx_StdPeriph_Driver/src/stm32f4xx_usart.o
 .debug_ranges  0x0000000000000578       0x18 src/drivers/Buttons.o
 .debug_ranges  0x0000000000000590       0x30 src/drivers/CAN_BUS.o
 .debug_ranges  0x00000000000005c0       0x68 src/drivers/DISPLAY_WH1602B_4Bit.o
 .debug_ranges  0x0000000000000628       0x30 src/drivers/LEDs.o
 .debug_ranges  0x0000000000000658       0x58 src/drivers/MEMS.o
 .debug_ranges  0x00000000000006b0       0x78 src/drivers/USART.o
 .debug_ranges  0x0000000000000728       0x48 src/drivers/clock_config.o
 .debug_ranges  0x0000000000000770       0x48 src/drivers/i2c.o
 .debug_ranges  0x00000000000007b8       0x30 src/drivers/interrupts.o
 .debug_ranges  0x00000000000007e8       0x20 src/drivers/peripheral_pinout.o
 .debug_ranges  0x0000000000000808       0x10 src/main.o
 .debug_ranges  0x0000000000000818       0x20 src/startup_stm32f40xx.o
 .debug_ranges  0x0000000000000838       0x50 src/stm32f4xx_it.o
 .debug_ranges  0x0000000000000888       0x20 src/system_stm32f4xx.o
 .debug_ranges  0x00000000000008a8       0x50 src/tiny_printf.o

.debug_macro    0x0000000000000000    0x137a5
 .debug_macro   0x0000000000000000      0x1c6 Libraries/STM32F4xx_StdPeriph_Driver/src/misc.o
 .debug_macro   0x00000000000001c6      0xa60 Libraries/STM32F4xx_StdPeriph_Driver/src/misc.o
 .debug_macro   0x0000000000000c26       0x57 Libraries/STM32F4xx_StdPeriph_Driver/src/misc.o
 .debug_macro   0x0000000000000c7d       0x3b Libraries/STM32F4xx_StdPeriph_Driver/src/misc.o
 .debug_macro   0x0000000000000cb8       0x22 Libraries/STM32F4xx_StdPeriph_Driver/src/misc.o
 .debug_macro   0x0000000000000cda       0x8e Libraries/STM32F4xx_StdPeriph_Driver/src/misc.o
 .debug_macro   0x0000000000000d68       0x51 Libraries/STM32F4xx_StdPeriph_Driver/src/misc.o
 .debug_macro   0x0000000000000db9       0xef Libraries/STM32F4xx_StdPeriph_Driver/src/misc.o
 .debug_macro   0x0000000000000ea8       0x6a Libraries/STM32F4xx_StdPeriph_Driver/src/misc.o
 .debug_macro   0x0000000000000f12      0x1df Libraries/STM32F4xx_StdPeriph_Driver/src/misc.o
 .debug_macro   0x00000000000010f1       0x18 Libraries/STM32F4xx_StdPeriph_Driver/src/misc.o
 .debug_macro   0x0000000000001109       0x42 Libraries/STM32F4xx_StdPeriph_Driver/src/misc.o
 .debug_macro   0x000000000000114b      0xd39 Libraries/STM32F4xx_StdPeriph_Driver/src/misc.o
 .debug_macro   0x0000000000001e84     0x822c Libraries/STM32F4xx_StdPeriph_Driver/src/misc.o
 .debug_macro   0x000000000000a0b0      0x44f Libraries/STM32F4xx_StdPeriph_Driver/src/misc.o
 .debug_macro   0x000000000000a4ff      0x3cf Libraries/STM32F4xx_StdPeriph_Driver/src/misc.o
 .debug_macro   0x000000000000a8ce      0x144 Libraries/STM32F4xx_StdPeriph_Driver/src/misc.o
 .debug_macro   0x000000000000aa12      0x188 Libraries/STM32F4xx_StdPeriph_Driver/src/misc.o
 .debug_macro   0x000000000000ab9a       0xb2 Libraries/STM32F4xx_StdPeriph_Driver/src/misc.o
 .debug_macro   0x000000000000ac4c      0x149 Libraries/STM32F4xx_StdPeriph_Driver/src/misc.o
 .debug_macro   0x000000000000ad95      0x477 Libraries/STM32F4xx_StdPeriph_Driver/src/misc.o
 .debug_macro   0x000000000000b20c       0xae Libraries/STM32F4xx_StdPeriph_Driver/src/misc.o
 .debug_macro   0x000000000000b2ba      0x2f7 Libraries/STM32F4xx_StdPeriph_Driver/src/misc.o
 .debug_macro   0x000000000000b5b1      0x279 Libraries/STM32F4xx_StdPeriph_Driver/src/misc.o
 .debug_macro   0x000000000000b82a       0xc3 Libraries/STM32F4xx_StdPeriph_Driver/src/misc.o
 .debug_macro   0x000000000000b8ed      0x288 Libraries/STM32F4xx_StdPeriph_Driver/src/misc.o
 .debug_macro   0x000000000000bb75      0x2bb Libraries/STM32F4xx_StdPeriph_Driver/src/misc.o
 .debug_macro   0x000000000000be30       0x64 Libraries/STM32F4xx_StdPeriph_Driver/src/misc.o
 .debug_macro   0x000000000000be94       0xae Libraries/STM32F4xx_StdPeriph_Driver/src/misc.o
 .debug_macro   0x000000000000bf42      0x57c Libraries/STM32F4xx_StdPeriph_Driver/src/misc.o
 .debug_macro   0x000000000000c4be       0x40 Libraries/STM32F4xx_StdPeriph_Driver/src/misc.o
 .debug_macro   0x000000000000c4fe      0x57b Libraries/STM32F4xx_StdPeriph_Driver/src/misc.o
 .debug_macro   0x000000000000ca79      0x342 Libraries/STM32F4xx_StdPeriph_Driver/src/misc.o
 .debug_macro   0x000000000000cdbb      0x36c Libraries/STM32F4xx_StdPeriph_Driver/src/misc.o
 .debug_macro   0x000000000000d127       0xe2 Libraries/STM32F4xx_StdPeriph_Driver/src/misc.o
 .debug_macro   0x000000000000d209      0x73b Libraries/STM32F4xx_StdPeriph_Driver/src/misc.o
 .debug_macro   0x000000000000d944      0x223 Libraries/STM32F4xx_StdPeriph_Driver/src/misc.o
 .debug_macro   0x000000000000db67       0x34 Libraries/STM32F4xx_StdPeriph_Driver/src/misc.o
 .debug_macro   0x000000000000db9b       0x35 Libraries/STM32F4xx_StdPeriph_Driver/src/misc.o
 .debug_macro   0x000000000000dbd0       0x7c Libraries/STM32F4xx_StdPeriph_Driver/src/misc.o
 .debug_macro   0x000000000000dc4c      0x215 Libraries/STM32F4xx_StdPeriph_Driver/src/stm32f4xx_can.o
 .debug_macro   0x000000000000de61      0x1c6 Libraries/STM32F4xx_StdPeriph_Driver/src/stm32f4xx_exti.o
 .debug_macro   0x000000000000e027       0xa8 Libraries/STM32F4xx_StdPeriph_Driver/src/stm32f4xx_exti.o
 .debug_macro   0x000000000000e0cf      0x1c0 Libraries/STM32F4xx_StdPeriph_Driver/src/stm32f4xx_gpio.o
 .debug_macro   0x000000000000e28f      0x282 Libraries/STM32F4xx_StdPeriph_Driver/src/stm32f4xx_gpio.o
 .debug_macro   0x000000000000e511      0x1d2 Libraries/STM32F4xx_StdPeriph_Driver/src/stm32f4xx_i2c.o
 .debug_macro   0x000000000000e6e3      0x2b5 Libraries/STM32F4xx_StdPeriph_Driver/src/stm32f4xx_i2c.o
 .debug_macro   0x000000000000e998      0x27c Libraries/STM32F4xx_StdPeriph_Driver/src/stm32f4xx_rcc.o
 .debug_macro   0x000000000000ec14      0x576 Libraries/STM32F4xx_StdPeriph_Driver/src/stm32f4xx_rcc.o
 .debug_macro   0x000000000000f18a      0x1ea Libraries/STM32F4xx_StdPeriph_Driver/src/stm32f4xx_syscfg.o
 .debug_macro   0x000000000000f374       0xdc Libraries/STM32F4xx_StdPeriph_Driver/src/stm32f4xx_syscfg.o
 .debug_macro   0x000000000000f450      0x1d8 Libraries/STM32F4xx_StdPeriph_Driver/src/stm32f4xx_usart.o
 .debug_macro   0x000000000000f628      0x21d Libraries/STM32F4xx_StdPeriph_Driver/src/stm32f4xx_usart.o
 .debug_macro   0x000000000000f845      0x1d8 src/drivers/Buttons.o
 .debug_macro   0x000000000000fa1d       0x46 src/drivers/Buttons.o
 .debug_macro   0x000000000000fa63       0x22 src/drivers/Buttons.o
 .debug_macro   0x000000000000fa85      0x384 src/drivers/CAN_BUS.o
 .debug_macro   0x000000000000fe09       0x1c src/drivers/CAN_BUS.o
 .debug_macro   0x000000000000fe25      0x16c src/drivers/CAN_BUS.o
 .debug_macro   0x000000000000ff91       0x2e src/drivers/CAN_BUS.o
 .debug_macro   0x000000000000ffbf       0x46 src/drivers/CAN_BUS.o
 .debug_macro   0x0000000000010005       0x18 src/drivers/CAN_BUS.o
 .debug_macro   0x000000000001001d       0x3c src/drivers/CAN_BUS.o
 .debug_macro   0x0000000000010059       0x34 src/drivers/CAN_BUS.o
 .debug_macro   0x000000000001008d      0x174 src/drivers/CAN_BUS.o
 .debug_macro   0x0000000000010201       0x52 src/drivers/CAN_BUS.o
 .debug_macro   0x0000000000010253       0x1f src/drivers/CAN_BUS.o
 .debug_macro   0x0000000000010272       0x43 src/drivers/CAN_BUS.o
 .debug_macro   0x00000000000102b5       0x20 src/drivers/CAN_BUS.o
 .debug_macro   0x00000000000102d5      0x1a3 src/drivers/CAN_BUS.o
 .debug_macro   0x0000000000010478      0x330 src/drivers/CAN_BUS.o
 .debug_macro   0x00000000000107a8       0x10 src/drivers/CAN_BUS.o
 .debug_macro   0x00000000000107b8       0x35 src/drivers/CAN_BUS.o
 .debug_macro   0x00000000000107ed       0x20 src/drivers/CAN_BUS.o
 .debug_macro   0x000000000001080d       0x58 src/drivers/CAN_BUS.o
 .debug_macro   0x0000000000010865       0x16 src/drivers/CAN_BUS.o
 .debug_macro   0x000000000001087b       0x1c src/drivers/CAN_BUS.o
 .debug_macro   0x0000000000010897       0x10 src/drivers/CAN_BUS.o
 .debug_macro   0x00000000000108a7       0x1c src/drivers/CAN_BUS.o
 .debug_macro   0x00000000000108c3       0x52 src/drivers/CAN_BUS.o
 .debug_macro   0x0000000000010915       0x40 src/drivers/CAN_BUS.o
 .debug_macro   0x0000000000010955       0x10 src/drivers/CAN_BUS.o
 .debug_macro   0x0000000000010965       0x40 src/drivers/CAN_BUS.o
 .debug_macro   0x00000000000109a5       0xd7 src/drivers/CAN_BUS.o
 .debug_macro   0x0000000000010a7c       0x1c src/drivers/CAN_BUS.o
 .debug_macro   0x0000000000010a98       0x3d src/drivers/CAN_BUS.o
 .debug_macro   0x0000000000010ad5       0x16 src/drivers/CAN_BUS.o
 .debug_macro   0x0000000000010aeb      0x145 src/drivers/CAN_BUS.o
 .debug_macro   0x0000000000010c30       0x10 src/drivers/CAN_BUS.o
 .debug_macro   0x0000000000010c40      0x37b src/drivers/DISPLAY_WH1602B_4Bit.o
 .debug_macro   0x0000000000010fbb      0x130 src/drivers/DISPLAY_WH1602B_4Bit.o
 .debug_macro   0x00000000000110eb      0x1d8 src/drivers/LEDs.o
 .debug_macro   0x00000000000112c3      0x3a0 src/drivers/MEMS.o
 .debug_macro   0x0000000000011663      0x314 src/drivers/MEMS.o
 .debug_macro   0x0000000000011977       0x4c src/drivers/MEMS.o
 .debug_macro   0x00000000000119c3      0x36c src/drivers/USART.o
 .debug_macro   0x0000000000011d2f      0x1cf src/drivers/clock_config.o
 .debug_macro   0x0000000000011efe      0x2c3 src/drivers/i2c.o
 .debug_macro   0x00000000000121c1      0x393 src/drivers/interrupts.o
 .debug_macro   0x0000000000012554      0x1d8 src/drivers/peripheral_pinout.o
 .debug_macro   0x000000000001272c      0x166 src/drivers/peripheral_pinout.o
 .debug_macro   0x0000000000012892      0x3b5 src/main.o
 .debug_macro   0x0000000000012c47      0x31a src/main.o
 .debug_macro   0x0000000000012f61      0x1c0 src/stm32f4xx_it.o
 .debug_macro   0x0000000000013121      0x1d9 src/system_stm32f4xx.o
 .debug_macro   0x00000000000132fa      0x1c0 src/tiny_printf.o
 .debug_macro   0x00000000000134ba       0x40 src/tiny_printf.o
 .debug_macro   0x00000000000134fa       0x94 src/tiny_printf.o
 .debug_macro   0x000000000001358e       0x16 src/tiny_printf.o
 .debug_macro   0x00000000000135a4       0x57 src/tiny_printf.o
 .debug_macro   0x00000000000135fb       0x97 src/tiny_printf.o
 .debug_macro   0x0000000000013692       0xfd src/tiny_printf.o
 .debug_macro   0x000000000001378f       0x16 src/tiny_printf.o

.debug_line     0x0000000000000000     0xb8c1
 .debug_line    0x0000000000000000      0x6ca Libraries/STM32F4xx_StdPeriph_Driver/src/misc.o
 .debug_line    0x00000000000006ca      0x9e8 Libraries/STM32F4xx_StdPeriph_Driver/src/stm32f4xx_can.o
 .debug_line    0x00000000000010b2      0x721 Libraries/STM32F4xx_StdPeriph_Driver/src/stm32f4xx_exti.o
 .debug_line    0x00000000000017d3      0x7e0 Libraries/STM32F4xx_StdPeriph_Driver/src/stm32f4xx_gpio.o
 .debug_line    0x0000000000001fb3      0x984 Libraries/STM32F4xx_StdPeriph_Driver/src/stm32f4xx_i2c.o
 .debug_line    0x0000000000002937      0xa39 Libraries/STM32F4xx_StdPeriph_Driver/src/stm32f4xx_rcc.o
 .debug_line    0x0000000000003370      0x6d9 Libraries/STM32F4xx_StdPeriph_Driver/src/stm32f4xx_syscfg.o
 .debug_line    0x0000000000003a49      0x936 Libraries/STM32F4xx_StdPeriph_Driver/src/stm32f4xx_usart.o
 .debug_line    0x000000000000437f      0x6a4 src/drivers/Buttons.o
 .debug_line    0x0000000000004a23      0x92f src/drivers/CAN_BUS.o
 .debug_line    0x0000000000005352      0xab0 src/drivers/DISPLAY_WH1602B_4Bit.o
 .debug_line    0x0000000000005e02      0x6b0 src/drivers/LEDs.o
 .debug_line    0x00000000000064b2      0xb4d src/drivers/MEMS.o
 .debug_line    0x0000000000006fff      0x9ca src/drivers/USART.o
 .debug_line    0x00000000000079c9      0x76b src/drivers/clock_config.o
 .debug_line    0x0000000000008134      0x9b7 src/drivers/i2c.o
 .debug_line    0x0000000000008aeb      0x961 src/drivers/interrupts.o
 .debug_line    0x000000000000944c      0x70f src/drivers/peripheral_pinout.o
 .debug_line    0x0000000000009b5b      0x8ec src/main.o
 .debug_line    0x000000000000a447       0x7a src/startup_stm32f40xx.o
 .debug_line    0x000000000000a4c1      0x6ec src/stm32f4xx_it.o
 .debug_line    0x000000000000abad      0x6bd src/system_stm32f4xx.o
 .debug_line    0x000000000000b26a      0x657 src/tiny_printf.o

.debug_str      0x0000000000000000    0x63803
 .debug_str     0x0000000000000000    0x597de Libraries/STM32F4xx_StdPeriph_Driver/src/misc.o
                                      0x5998f (size before relaxing)
 .debug_str     0x00000000000597de      0x718 Libraries/STM32F4xx_StdPeriph_Driver/src/stm32f4xx_can.o
                                      0x59ec1 (size before relaxing)
 .debug_str     0x0000000000059ef6      0x1ef Libraries/STM32F4xx_StdPeriph_Driver/src/stm32f4xx_exti.o
                                      0x59912 (size before relaxing)
 .debug_str     0x000000000005a0e5      0x308 Libraries/STM32F4xx_StdPeriph_Driver/src/stm32f4xx_gpio.o
                                      0x59a3a (size before relaxing)
 .debug_str     0x000000000005a3ed      0x4f7 Libraries/STM32F4xx_StdPeriph_Driver/src/stm32f4xx_i2c.o
                                      0x59cad (size before relaxing)
 .debug_str     0x000000000005a8e4      0xb46 Libraries/STM32F4xx_StdPeriph_Driver/src/stm32f4xx_rcc.o
                                      0x5a371 (size before relaxing)
 .debug_str     0x000000000005b42a      0x2b6 Libraries/STM32F4xx_StdPeriph_Driver/src/stm32f4xx_syscfg.o
                                      0x599eb (size before relaxing)
 .debug_str     0x000000000005b6e0      0x54e Libraries/STM32F4xx_StdPeriph_Driver/src/stm32f4xx_usart.o
                                      0x59d4a (size before relaxing)
 .debug_str     0x000000000005bc2e      0x77f src/drivers/Buttons.o
                                      0x5a192 (size before relaxing)
 .debug_str     0x000000000005c3ad     0x4bd4 src/drivers/CAN_BUS.o
                                      0x5e732 (size before relaxing)
 .debug_str     0x0000000000060f81      0x66f src/drivers/DISPLAY_WH1602B_4Bit.o
                                      0x5e6cc (size before relaxing)
 .debug_str     0x00000000000615f0       0x70 src/drivers/LEDs.o
                                      0x59a1a (size before relaxing)
 .debug_str     0x0000000000061660     0x12a0 src/drivers/MEMS.o
                                      0x5fe48 (size before relaxing)
 .debug_str     0x0000000000062900      0x1da src/drivers/USART.o
                                      0x5eb4a (size before relaxing)
 .debug_str     0x0000000000062ada      0x139 src/drivers/clock_config.o
                                      0x59ad6 (size before relaxing)
 .debug_str     0x0000000000062c13       0xe1 src/drivers/i2c.o
                                      0x5d3ff (size before relaxing)
 .debug_str     0x0000000000062cf4       0xaa src/drivers/interrupts.o
                                      0x5e7e9 (size before relaxing)
 .debug_str     0x0000000000062d9e       0x80 src/drivers/peripheral_pinout.o
                                      0x5a045 (size before relaxing)
 .debug_str     0x0000000000062e1e      0x7c1 src/main.o
                                      0x603b8 (size before relaxing)
 .debug_str     0x00000000000635df       0x2a src/startup_stm32f40xx.o
                                         0x9d (size before relaxing)
 .debug_str     0x0000000000063609       0xb8 src/stm32f4xx_it.o
                                      0x59798 (size before relaxing)
 .debug_str     0x00000000000636c1       0xc7 src/system_stm32f4xx.o
                                      0x59951 (size before relaxing)
 .debug_str     0x0000000000063788       0x7b src/tiny_printf.o
                                       0x78bd (size before relaxing)

.comment        0x0000000000000000       0x7b
 .comment       0x0000000000000000       0x7b Libraries/STM32F4xx_StdPeriph_Driver/src/misc.o
                                         0x7c (size before relaxing)
 .comment       0x000000000000007b       0x7c Libraries/STM32F4xx_StdPeriph_Driver/src/stm32f4xx_can.o
 .comment       0x000000000000007b       0x7c Libraries/STM32F4xx_StdPeriph_Driver/src/stm32f4xx_exti.o
 .comment       0x000000000000007b       0x7c Libraries/STM32F4xx_StdPeriph_Driver/src/stm32f4xx_gpio.o
 .comment       0x000000000000007b       0x7c Libraries/STM32F4xx_StdPeriph_Driver/src/stm32f4xx_i2c.o
 .comment       0x000000000000007b       0x7c Libraries/STM32F4xx_StdPeriph_Driver/src/stm32f4xx_rcc.o
 .comment       0x000000000000007b       0x7c Libraries/STM32F4xx_StdPeriph_Driver/src/stm32f4xx_syscfg.o
 .comment       0x000000000000007b       0x7c Libraries/STM32F4xx_StdPeriph_Driver/src/stm32f4xx_usart.o
 .comment       0x000000000000007b       0x7c src/drivers/Buttons.o
 .comment       0x000000000000007b       0x7c src/drivers/CAN_BUS.o
 .comment       0x000000000000007b       0x7c src/drivers/DISPLAY_WH1602B_4Bit.o
 .comment       0x000000000000007b       0x7c src/drivers/LEDs.o
 .comment       0x000000000000007b       0x7c src/drivers/MEMS.o
 .comment       0x000000000000007b       0x7c src/drivers/USART.o
 .comment       0x000000000000007b       0x7c src/drivers/clock_config.o
 .comment       0x000000000000007b       0x7c src/drivers/i2c.o
 .comment       0x000000000000007b       0x7c src/drivers/interrupts.o
 .comment       0x000000000000007b       0x7c src/drivers/peripheral_pinout.o
 .comment       0x000000000000007b       0x7c src/main.o
 .comment       0x000000000000007b       0x7c src/stm32f4xx_it.o
 .comment       0x000000000000007b       0x7c src/system_stm32f4xx.o
 .comment       0x000000000000007b       0x7c src/tiny_printf.o

.debug_frame    0x0000000000000000     0x2b6c
 .debug_frame   0x0000000000000000       0xd8 Libraries/STM32F4xx_StdPeriph_Driver/src/misc.o
 .debug_frame   0x00000000000000d8      0x3f4 Libraries/STM32F4xx_StdPeriph_Driver/src/stm32f4xx_can.o
 .debug_frame   0x00000000000004cc      0x148 Libraries/STM32F4xx_StdPeriph_Driver/src/stm32f4xx_exti.o
 .debug_frame   0x0000000000000614      0x23c Libraries/STM32F4xx_StdPeriph_Driver/src/stm32f4xx_gpio.o
 .debug_frame   0x0000000000000850      0x580 Libraries/STM32F4xx_StdPeriph_Driver/src/stm32f4xx_i2c.o
 .debug_frame   0x0000000000000dd0      0x6fc Libraries/STM32F4xx_StdPeriph_Driver/src/stm32f4xx_rcc.o
 .debug_frame   0x00000000000014cc       0xf4 Libraries/STM32F4xx_StdPeriph_Driver/src/stm32f4xx_syscfg.o
 .debug_frame   0x00000000000015c0      0x490 Libraries/STM32F4xx_StdPeriph_Driver/src/stm32f4xx_usart.o
 .debug_frame   0x0000000000001a50       0x58 src/drivers/Buttons.o
 .debug_frame   0x0000000000001aa8       0xb4 src/drivers/CAN_BUS.o
 .debug_frame   0x0000000000001b5c      0x198 src/drivers/DISPLAY_WH1602B_4Bit.o
 .debug_frame   0x0000000000001cf4       0xc4 src/drivers/LEDs.o
 .debug_frame   0x0000000000001db8      0x154 src/drivers/MEMS.o
 .debug_frame   0x0000000000001f0c      0x210 src/drivers/USART.o
 .debug_frame   0x000000000000211c      0x134 src/drivers/clock_config.o
 .debug_frame   0x0000000000002250      0x130 src/drivers/i2c.o
 .debug_frame   0x0000000000002380       0xac src/drivers/interrupts.o
 .debug_frame   0x000000000000242c       0x7c src/drivers/peripheral_pinout.o
 .debug_frame   0x00000000000024a8       0x2c src/main.o
 .debug_frame   0x00000000000024d4      0x110 src/stm32f4xx_it.o
 .debug_frame   0x00000000000025e4       0x7c src/system_stm32f4xx.o
 .debug_frame   0x0000000000002660      0x1ac src/tiny_printf.o
 .debug_frame   0x000000000000280c       0x2c /opt/st/stm32cubeide_1.4.0/plugins/com.st.stm32cube.ide.mcu.externaltools.gnu-tools-for-stm32.7-2018-q2-update.linux64_1.4.0.202007081208/tools/bin/../lib/gcc/arm-none-eabi/7.3.1/../../../../arm-none-eabi/lib/thumb/v7e-m/fpv4-sp/hard/libc_nano.a(lib_a-init.o)
 .debug_frame   0x0000000000002838       0x20 /opt/st/stm32cubeide_1.4.0/plugins/com.st.stm32cube.ide.mcu.externaltools.gnu-tools-for-stm32.7-2018-q2-update.linux64_1.4.0.202007081208/tools/bin/../lib/gcc/arm-none-eabi/7.3.1/../../../../arm-none-eabi/lib/thumb/v7e-m/fpv4-sp/hard/libc_nano.a(lib_a-memset.o)
 .debug_frame   0x0000000000002858       0x3c /opt/st/stm32cubeide_1.4.0/plugins/com.st.stm32cube.ide.mcu.externaltools.gnu-tools-for-stm32.7-2018-q2-update.linux64_1.4.0.202007081208/tools/bin/../lib/gcc/arm-none-eabi/7.3.1/../../../../arm-none-eabi/lib/thumb/v7e-m/fpv4-sp/hard/libc_nano.a(lib_a-vsprintf.o)
 .debug_frame   0x0000000000002894       0x90 /opt/st/stm32cubeide_1.4.0/plugins/com.st.stm32cube.ide.mcu.externaltools.gnu-tools-for-stm32.7-2018-q2-update.linux64_1.4.0.202007081208/tools/bin/../lib/gcc/arm-none-eabi/7.3.1/../../../../arm-none-eabi/lib/thumb/v7e-m/fpv4-sp/hard/libc_nano.a(lib_a-nano-svfprintf.o)
 .debug_frame   0x0000000000002924       0x60 /opt/st/stm32cubeide_1.4.0/plugins/com.st.stm32cube.ide.mcu.externaltools.gnu-tools-for-stm32.7-2018-q2-update.linux64_1.4.0.202007081208/tools/bin/../lib/gcc/arm-none-eabi/7.3.1/../../../../arm-none-eabi/lib/thumb/v7e-m/fpv4-sp/hard/libc_nano.a(lib_a-nano-vfprintf_i.o)
 .debug_frame   0x0000000000002984       0x28 /opt/st/stm32cubeide_1.4.0/plugins/com.st.stm32cube.ide.mcu.externaltools.gnu-tools-for-stm32.7-2018-q2-update.linux64_1.4.0.202007081208/tools/bin/../lib/gcc/arm-none-eabi/7.3.1/../../../../arm-none-eabi/lib/thumb/v7e-m/fpv4-sp/hard/libc_nano.a(lib_a-memcpy-stub.o)
 .debug_frame   0x00000000000029ac       0x28 /opt/st/stm32cubeide_1.4.0/plugins/com.st.stm32cube.ide.mcu.externaltools.gnu-tools-for-stm32.7-2018-q2-update.linux64_1.4.0.202007081208/tools/bin/../lib/gcc/arm-none-eabi/7.3.1/../../../../arm-none-eabi/lib/thumb/v7e-m/fpv4-sp/hard/libc_nano.a(lib_a-memmove.o)
 .debug_frame   0x00000000000029d4       0x38 /opt/st/stm32cubeide_1.4.0/plugins/com.st.stm32cube.ide.mcu.externaltools.gnu-tools-for-stm32.7-2018-q2-update.linux64_1.4.0.202007081208/tools/bin/../lib/gcc/arm-none-eabi/7.3.1/../../../../arm-none-eabi/lib/thumb/v7e-m/fpv4-sp/hard/libc_nano.a(lib_a-nano-freer.o)
 .debug_frame   0x0000000000002a0c       0x2c /opt/st/stm32cubeide_1.4.0/plugins/com.st.stm32cube.ide.mcu.externaltools.gnu-tools-for-stm32.7-2018-q2-update.linux64_1.4.0.202007081208/tools/bin/../lib/gcc/arm-none-eabi/7.3.1/../../../../arm-none-eabi/lib/thumb/v7e-m/fpv4-sp/hard/libc_nano.a(lib_a-nano-mallocr.o)
 .debug_frame   0x0000000000002a38       0x3c /opt/st/stm32cubeide_1.4.0/plugins/com.st.stm32cube.ide.mcu.externaltools.gnu-tools-for-stm32.7-2018-q2-update.linux64_1.4.0.202007081208/tools/bin/../lib/gcc/arm-none-eabi/7.3.1/../../../../arm-none-eabi/lib/thumb/v7e-m/fpv4-sp/hard/libc_nano.a(lib_a-nano-reallocr.o)
 .debug_frame   0x0000000000002a74       0x2c /opt/st/stm32cubeide_1.4.0/plugins/com.st.stm32cube.ide.mcu.externaltools.gnu-tools-for-stm32.7-2018-q2-update.linux64_1.4.0.202007081208/tools/bin/../lib/gcc/arm-none-eabi/7.3.1/../../../../arm-none-eabi/lib/thumb/v7e-m/fpv4-sp/hard/libc_nano.a(lib_a-sbrkr.o)
 .debug_frame   0x0000000000002aa0       0x30 /opt/st/stm32cubeide_1.4.0/plugins/com.st.stm32cube.ide.mcu.externaltools.gnu-tools-for-stm32.7-2018-q2-update.linux64_1.4.0.202007081208/tools/bin/../lib/gcc/arm-none-eabi/7.3.1/../../../../arm-none-eabi/lib/thumb/v7e-m/fpv4-sp/hard/libc_nano.a(lib_a-mlock.o)
 .debug_frame   0x0000000000002ad0       0x20 /opt/st/stm32cubeide_1.4.0/plugins/com.st.stm32cube.ide.mcu.externaltools.gnu-tools-for-stm32.7-2018-q2-update.linux64_1.4.0.202007081208/tools/bin/../lib/gcc/arm-none-eabi/7.3.1/../../../../arm-none-eabi/lib/thumb/v7e-m/fpv4-sp/hard/libc_nano.a(lib_a-nano-msizer.o)
 .debug_frame   0x0000000000002af0       0x5c /opt/st/stm32cubeide_1.4.0/plugins/com.st.stm32cube.ide.mcu.externaltools.gnu-tools-for-stm32.7-2018-q2-update.linux64_1.4.0.202007081208/tools/bin/../lib/gcc/arm-none-eabi/7.3.1/../../../../arm-none-eabi/lib/thumb/v7e-m/fpv4-sp/hard/libc_nano.a(lib_a-reent.o)
 .debug_frame   0x0000000000002b4c       0x20 /opt/st/stm32cubeide_1.4.0/plugins/com.st.stm32cube.ide.mcu.externaltools.gnu-tools-for-stm32.7-2018-q2-update.linux64_1.4.0.202007081208/tools/bin/../lib/gcc/arm-none-eabi/7.3.1/../../../../arm-none-eabi/lib/thumb/v7e-m/fpv4-sp/hard/libnosys.a(sbrk.o)

.stabstr        0x0000000000000000       0x3f
 .stabstr       0x0000000000000000       0x3f /opt/st/stm32cubeide_1.4.0/plugins/com.st.stm32cube.ide.mcu.externaltools.gnu-tools-for-stm32.7-2018-q2-update.linux64_1.4.0.202007081208/tools/bin/../lib/gcc/arm-none-eabi/7.3.1/../../../../arm-none-eabi/lib/thumb/v7e-m/fpv4-sp/hard/libnosys.a(write.o)
