PWM_controller_PCA9685PW.c:8:6:PCA_Init	16	static
PWM_controller_PCA9685PW.c:16:6:PCA_reset	8	static
PWM_controller_PCA9685PW.c:21:6:PCA_sleep	16	static
PWM_controller_PCA9685PW.c:31:6:PCA_awake	8	static
PWM_controller_PCA9685PW.c:39:6:PCA_set_state	16	static
PWM_controller_PCA9685PW.c:51:6:PCA_set_prescale	16	static
PWM_controller_PCA9685PW.c:56:6:PCA_fill_data_for_servo	80	static
PWM_controller_PCA9685PW.c:98:6:PCA_set_data_for_channel	24	static
PWM_controller_PCA9685PW.c:106:6:PCA_get_data_for_channel	16	static
PWM_controller_PCA9685PW.c:115:6:PCA_servo_example	104	static
PWM_controller_PCA9685PW.c:147:6:PCA_servo_example2	144	static
