USART.c:13:18:select_USART_NVIC_channel	16	static
USART.c:33:13:setup_NVIC_for_USART	24	static
USART.c:45:6:setup_USART	32	static
USART.c:68:6:USART_send_character	16	static
USART.c:74:6:USART_send_string	16	static
USART.c:82:6:USART_send_characterLN	16	static
USART.c:92:6:USART_DEBUG_LOG	32	static
USART.c:103:6:USART_INFO_LOG	24	static
USART.c:113:6:USART_receive_character	16	static
USART.c:118:6:USART_echo	24	static
USART.c:135:6:USART_receive_string	32	static
USART.c:156:6:USART3_BUFFER_print	8	static
USART.c:166:6:USART3_BUFFER_reset	8	static
USART.c:171:6:USART_printf	28	static
