Archive member included to satisfy reference by file (symbol)

/opt/st/stm32cubeide_1.4.0/plugins/com.st.stm32cube.ide.mcu.externaltools.gnu-tools-for-stm32.7-2018-q2-update.linux64_1.4.0.202007081208/tools/bin/../lib/gcc/arm-none-eabi/7.3.1/../../../../arm-none-eabi/lib/thumb/v7e-m/fpv4-sp/hard/libc_nano.a(lib_a-exit.o)
                              /opt/st/stm32cubeide_1.4.0/plugins/com.st.stm32cube.ide.mcu.externaltools.gnu-tools-for-stm32.7-2018-q2-update.linux64_1.4.0.202007081208/tools/bin/../lib/gcc/arm-none-eabi/7.3.1/../../../../arm-none-eabi/lib/thumb/v7e-m/fpv4-sp/hard/crt0.o (exit)
/opt/st/stm32cubeide_1.4.0/plugins/com.st.stm32cube.ide.mcu.externaltools.gnu-tools-for-stm32.7-2018-q2-update.linux64_1.4.0.202007081208/tools/bin/../lib/gcc/arm-none-eabi/7.3.1/../../../../arm-none-eabi/lib/thumb/v7e-m/fpv4-sp/hard/libc_nano.a(lib_a-impure.o)
                              /opt/st/stm32cubeide_1.4.0/plugins/com.st.stm32cube.ide.mcu.externaltools.gnu-tools-for-stm32.7-2018-q2-update.linux64_1.4.0.202007081208/tools/bin/../lib/gcc/arm-none-eabi/7.3.1/../../../../arm-none-eabi/lib/thumb/v7e-m/fpv4-sp/hard/libc_nano.a(lib_a-exit.o) (_global_impure_ptr)
/opt/st/stm32cubeide_1.4.0/plugins/com.st.stm32cube.ide.mcu.externaltools.gnu-tools-for-stm32.7-2018-q2-update.linux64_1.4.0.202007081208/tools/bin/../lib/gcc/arm-none-eabi/7.3.1/../../../../arm-none-eabi/lib/thumb/v7e-m/fpv4-sp/hard/libc_nano.a(lib_a-init.o)
                              /opt/st/stm32cubeide_1.4.0/plugins/com.st.stm32cube.ide.mcu.externaltools.gnu-tools-for-stm32.7-2018-q2-update.linux64_1.4.0.202007081208/tools/bin/../lib/gcc/arm-none-eabi/7.3.1/../../../../arm-none-eabi/lib/thumb/v7e-m/fpv4-sp/hard/crt0.o (__libc_init_array)
/opt/st/stm32cubeide_1.4.0/plugins/com.st.stm32cube.ide.mcu.externaltools.gnu-tools-for-stm32.7-2018-q2-update.linux64_1.4.0.202007081208/tools/bin/../lib/gcc/arm-none-eabi/7.3.1/../../../../arm-none-eabi/lib/thumb/v7e-m/fpv4-sp/hard/libc_nano.a(lib_a-memset.o)
                              /opt/st/stm32cubeide_1.4.0/plugins/com.st.stm32cube.ide.mcu.externaltools.gnu-tools-for-stm32.7-2018-q2-update.linux64_1.4.0.202007081208/tools/bin/../lib/gcc/arm-none-eabi/7.3.1/../../../../arm-none-eabi/lib/thumb/v7e-m/fpv4-sp/hard/crt0.o (memset)
/opt/st/stm32cubeide_1.4.0/plugins/com.st.stm32cube.ide.mcu.externaltools.gnu-tools-for-stm32.7-2018-q2-update.linux64_1.4.0.202007081208/tools/bin/../lib/gcc/arm-none-eabi/7.3.1/../../../../arm-none-eabi/lib/thumb/v7e-m/fpv4-sp/hard/libc_nano.a(lib_a-strlen.o)
                              src/drivers/DISPLAY_WH1602B_4Bit.o (strlen)
/opt/st/stm32cubeide_1.4.0/plugins/com.st.stm32cube.ide.mcu.externaltools.gnu-tools-for-stm32.7-2018-q2-update.linux64_1.4.0.202007081208/tools/bin/../lib/gcc/arm-none-eabi/7.3.1/../../../../arm-none-eabi/lib/thumb/v7e-m/fpv4-sp/hard/libc_nano.a(lib_a-vsprintf.o)
                              src/drivers/USART.o (vsprintf)
/opt/st/stm32cubeide_1.4.0/plugins/com.st.stm32cube.ide.mcu.externaltools.gnu-tools-for-stm32.7-2018-q2-update.linux64_1.4.0.202007081208/tools/bin/../lib/gcc/arm-none-eabi/7.3.1/../../../../arm-none-eabi/lib/thumb/v7e-m/fpv4-sp/hard/libc_nano.a(lib_a-nano-svfprintf.o)
                              /opt/st/stm32cubeide_1.4.0/plugins/com.st.stm32cube.ide.mcu.externaltools.gnu-tools-for-stm32.7-2018-q2-update.linux64_1.4.0.202007081208/tools/bin/../lib/gcc/arm-none-eabi/7.3.1/../../../../arm-none-eabi/lib/thumb/v7e-m/fpv4-sp/hard/libc_nano.a(lib_a-vsprintf.o) (_svfprintf_r)
/opt/st/stm32cubeide_1.4.0/plugins/com.st.stm32cube.ide.mcu.externaltools.gnu-tools-for-stm32.7-2018-q2-update.linux64_1.4.0.202007081208/tools/bin/../lib/gcc/arm-none-eabi/7.3.1/../../../../arm-none-eabi/lib/thumb/v7e-m/fpv4-sp/hard/libc_nano.a(lib_a-nano-vfprintf_i.o)
                              /opt/st/stm32cubeide_1.4.0/plugins/com.st.stm32cube.ide.mcu.externaltools.gnu-tools-for-stm32.7-2018-q2-update.linux64_1.4.0.202007081208/tools/bin/../lib/gcc/arm-none-eabi/7.3.1/../../../../arm-none-eabi/lib/thumb/v7e-m/fpv4-sp/hard/libc_nano.a(lib_a-nano-svfprintf.o) (_printf_i)
/opt/st/stm32cubeide_1.4.0/plugins/com.st.stm32cube.ide.mcu.externaltools.gnu-tools-for-stm32.7-2018-q2-update.linux64_1.4.0.202007081208/tools/bin/../lib/gcc/arm-none-eabi/7.3.1/../../../../arm-none-eabi/lib/thumb/v7e-m/fpv4-sp/hard/libc_nano.a(lib_a-memchr.o)
                              /opt/st/stm32cubeide_1.4.0/plugins/com.st.stm32cube.ide.mcu.externaltools.gnu-tools-for-stm32.7-2018-q2-update.linux64_1.4.0.202007081208/tools/bin/../lib/gcc/arm-none-eabi/7.3.1/../../../../arm-none-eabi/lib/thumb/v7e-m/fpv4-sp/hard/libc_nano.a(lib_a-nano-svfprintf.o) (memchr)
/opt/st/stm32cubeide_1.4.0/plugins/com.st.stm32cube.ide.mcu.externaltools.gnu-tools-for-stm32.7-2018-q2-update.linux64_1.4.0.202007081208/tools/bin/../lib/gcc/arm-none-eabi/7.3.1/../../../../arm-none-eabi/lib/thumb/v7e-m/fpv4-sp/hard/libc_nano.a(lib_a-memcpy-stub.o)
[...]
Memory Configuration

Name             Origin             Length             Attributes
FLASH            0x0000000008000000 0x0000000000100000 xr
RAM              0x0000000020000000 0x0000000000020000 xrw
MEMORY_B1        0x0000000060000000 0x0000000000000000 xr
CCMRAM           0x0000000010000000 0x0000000000010000 rw
*default*        0x0000000000000000 0xffffffffffffffff

Linker script and memory map

LOAD /opt/st/stm32cubeide_1.4.0/plugins/com.st.stm32cube.ide.mcu.externaltools.gnu-tools-for-stm32.7-2018-q2-update.linux64_1.4.0.202007081208/tools/bin/../lib/gcc/arm-none-eabi/7.3.1/thumb/v7e-m/fpv4-sp/hard/crti.o
LOAD /opt/st/stm32cubeide_1.4.0/plugins/com.st.stm32cube.ide.mcu.externaltools.gnu-tools-for-stm32.7-2018-q2-update.linux64_1.4.0.202007081208/tools/bin/../lib/gcc/arm-none-eabi/7.3.1/thumb/v7e-m/fpv4-sp/hard/crtbegin.o
LOAD /opt/st/stm32cubeide_1.4.0/plugins/com.st.stm32cube.ide.mcu.externaltools.gnu-tools-for-stm32.7-2018-q2-update.linux64_1.4.0.202007081208/tools/bin/../lib/gcc/arm-none-eabi/7.3.1/../../../../arm-none-eabi/lib/thumb/v7e-m/fpv4-sp/hard/crt0.o
LOAD Libraries/STM32F4xx_StdPeriph_Driver/src/misc.o
LOAD Libraries/STM32F4xx_StdPeriph_Driver/src/stm32f4xx_adc.o
LOAD Libraries/STM32F4xx_StdPeriph_Driver/src/stm32f4xx_can.o
LOAD Libraries/STM32F4xx_StdPeriph_Driver/src/stm32f4xx_crc.o
LOAD Libraries/STM32F4xx_StdPeriph_Driver/src/stm32f4xx_cryp.o
LOAD Libraries/STM32F4xx_StdPeriph_Driver/src/stm32f4xx_cryp_aes.o
LOAD Libraries/STM32F4xx_StdPeriph_Driver/src/stm32f4xx_cryp_des.o
LOAD Libraries/STM32F4xx_StdPeriph_Driver/src/stm32f4xx_cryp_tdes.o
LOAD Libraries/STM32F4xx_StdPeriph_Driver/src/stm32f4xx_dac.o
LOAD Libraries/STM32F4xx_StdPeriph_Driver/src/stm32f4xx_dbgmcu.o
LOAD Libraries/STM32F4xx_StdPeriph_Driver/src/stm32f4xx_dcmi.o
LOAD Libraries/STM32F4xx_StdPeriph_Driver/src/stm32f4xx_dma.o
LOAD Libraries/STM32F4xx_StdPeriph_Driver/src/stm32f4xx_exti.o
LOAD Libraries/STM32F4xx_StdPeriph_Driver/src/stm32f4xx_flash.o
LOAD Libraries/STM32F4xx_StdPeriph_Driver/src/stm32f4xx_fsmc.o
LOAD Libraries/STM32F4xx_StdPeriph_Driver/src/stm32f4xx_gpio.o
LOAD Libraries/STM32F4xx_StdPeriph_Driver/src/stm32f4xx_hash.o
LOAD Libraries/STM32F4xx_StdPeriph_Driver/src/stm32f4xx_hash_md5.o
LOAD Libraries/STM32F4xx_StdPeriph_Driver/src/stm32f4xx_hash_sha1.o
LOAD Libraries/STM32F4xx_StdPeriph_Driver/src/stm32f4xx_i2c.o
LOAD Libraries/STM32F4xx_StdPeriph_Driver/src/stm32f4xx_iwdg.o
LOAD Libraries/STM32F4xx_StdPeriph_Driver/src/stm32f4xx_pwr.o
LOAD Libraries/STM32F4xx_StdPeriph_Driver/src/stm32f4xx_rcc.o
LOAD Libraries/STM32F4xx_StdPeriph_Driver/src/stm32f4xx_rng.o
LOAD Libraries/STM32F4xx_StdPeriph_Driver/src/stm32f4xx_rtc.o
LOAD Libraries/STM32F4xx_StdPeriph_Driver/src/stm32f4xx_sdio.o
LOAD Libraries/STM32F4xx_StdPeriph_Driver/src/stm32f4xx_spi.o
LOAD Libraries/STM32F4xx_StdPeriph_Driver/src/stm32f4xx_syscfg.o
LOAD Libraries/STM32F4xx_StdPeriph_Driver/src/stm32f4xx_tim.o
LOAD Libraries/STM32F4xx_StdPeriph_Driver/src/stm32f4xx_usart.o
LOAD Libraries/STM32F4xx_StdPeriph_Driver/src/stm32f4xx_wwdg.o
LOAD Libraries/glesk/src/glesk_ex_eeprom.o
LOAD Libraries/glesk/src/glesk_ex_flash.o
LOAD Libraries/glesk/src/glesk_ex_temp.o
LOAD Libraries/glesk/src/glesk_i2c.o
LOAD Libraries/glesk/src/glesk_spi.o
LOAD Libraries/glesk/src/glesk_syscalls.o
LOAD Libraries/glesk/src/glesk_uart.o
LOAD src/drivers/Buttons.o
LOAD src/drivers/DISPLAY_WH1602B_4Bit.o
LOAD src/drivers/LEDs.o
LOAD src/drivers/USART.o
LOAD src/drivers/clock_config.o
LOAD src/drivers/glesk_ex_humid.o
LOAD src/drivers/peripheral_pinout.o
LOAD src/main.o
LOAD src/startup_stm32f40xx.o
LOAD src/stm32f4xx_it.o
LOAD src/system_stm32f4xx.o
LOAD src/tiny_printf.o
START GROUP
LOAD /opt/st/stm32cubeide_1.4.0/plugins/com.st.stm32cube.ide.mcu.externaltools.gnu-tools-for-stm32.7-2018-q2-update.linux64_1.4.0.202007081208/tools/bin/../lib/gcc/arm-none-eabi/7.3.1/../../../../arm-none-eabi/lib/thumb/v7e-m/fpv4-sp/hard/libc_nano.a
LOAD /opt/st/stm32cubeide_1.4.0/plugins/com.st.stm32cube.ide.mcu.externaltools.gnu-tools-for-stm32.7-2018-q2-update.linux64_1.4.0.202007081208/tools/bin/../lib/gcc/arm-none-eabi/7.3.1/../../../../arm-none-eabi/lib/thumb/v7e-m/fpv4-sp/hard/libm.a
END GROUP
START GROUP
LOAD /opt/st/stm32cubeide_1.4.0/plugins/com.st.stm32cube.ide.mcu.externaltools.gnu-tools-for-stm32.7-2018-q2-update.linux64_1.4.0.202007081208/tools/bin/../lib/gcc/arm-none-eabi/7.3.1/thumb/v7e-m/fpv4-sp/hard/libgcc.a
LOAD /opt/st/stm32cubeide_1.4.0/plugins/com.st.stm32cube.ide.mcu.externaltools.gnu-tools-for-stm32.7-2018-q2-update.linux64_1.4.0.202007081208/tools/bin/../lib/gcc/arm-none-eabi/7.3.1/../../../../arm-none-eabi/lib/thumb/v7e-m/fpv4-sp/hard/libc_nano.a
END GROUP
START GROUP
LOAD /opt/st/stm32cubeide_1.4.0/plugins/com.st.stm32cube.ide.mcu.externaltools.gnu-tools-for-stm32.7-2018-q2-update.linux64_1.4.0.202007081208/tools/bin/../lib/gcc/arm-none-eabi/7.3.1/thumb/v7e-m/fpv4-sp/hard/libgcc.a
LOAD /opt/st/stm32cubeide_1.4.0/plugins/com.st.stm32cube.ide.mcu.externaltools.gnu-tools-for-stm32.7-2018-q2-update.linux64_1.4.0.202007081208/tools/bin/../lib/gcc/arm-none-eabi/7.3.1/../../../../arm-none-eabi/lib/thumb/v7e-m/fpv4-sp/hard/libc_nano.a
LOAD /opt/st/stm32cubeide_1.4.0/plugins/com.st.stm32cube.ide.mcu.externaltools.gnu-tools-for-stm32.7-2018-q2-update.linux64_1.4.0.202007081208/tools/bin/../lib/gcc/arm-none-eabi/7.3.1/../../../../arm-none-eabi/lib/thumb/v7e-m/fpv4-sp/hard/libnosys.a
END GROUP
START GROUP
LOAD /opt/st/stm32cubeide_1.4.0/plugins/com.st.stm32cube.ide.mcu.externaltools.gnu-tools-for-stm32.7-2018-q2-update.linux64_1.4.0.202007081208/tools/bin/../lib/gcc/arm-none-eabi/7.3.1/thumb/v7e-m/fpv4-sp/hard/libgcc.a
LOAD /opt/st/stm32cubeide_1.4.0/plugins/com.st.stm32cube.ide.mcu.externaltools.gnu-tools-for-stm32.7-2018-q2-update.linux64_1.4.0.202007081208/tools/bin/../lib/gcc/arm-none-eabi/7.3.1/../../../../arm-none-eabi/lib/thumb/v7e-m/fpv4-sp/hard/libc_nano.a
LOAD /opt/st/stm32cubeide_1.4.0/plugins/com.st.stm32cube.ide.mcu.externaltools.gnu-tools-for-stm32.7-2018-q2-update.linux64_1.4.0.202007081208/tools/bin/../lib/gcc/arm-none-eabi/7.3.1/../../../../arm-none-eabi/lib/thumb/v7e-m/fpv4-sp/hard/libnosys.a
END GROUP
LOAD /opt/st/stm32cubeide_1.4.0/plugins/com.st.stm32cube.ide.mcu.externaltools.gnu-tools-for-stm32.7-2018-q2-update.linux64_1.4.0.202007081208/tools/bin/../lib/gcc/arm-none-eabi/7.3.1/thumb/v7e-m/fpv4-sp/hard/crtend.o
LOAD /opt/st/stm32cubeide_1.4.0/plugins/com.st.stm32cube.ide.mcu.externaltools.gnu-tools-for-stm32.7-2018-q2-update.linux64_1.4.0.202007081208/tools/bin/../lib/gcc/arm-none-eabi/7.3.1/thumb/v7e-m/fpv4-sp/hard/crtn.o
                0x0000000020020000                _estack = 0x20020000
                0x0000000000000000                _Min_Heap_Size = 0x0
                0x0000000000000400                _Min_Stack_Size = 0x400

.isr_vector     0x0000000008000000      0x188
                0x0000000008000000                . = ALIGN (0x4)
 *(.isr_vector)
 .isr_vector    0x0000000008000000      0x188 src/startup_stm32f40xx.o
                0x0000000008000000                g_pfnVectors
                0x0000000008000188                . = ALIGN (0x4)

.text           0x0000000008000188     0x1894
                0x0000000008000188                . = ALIGN (0x4)
 *(.text)
 .text          0x0000000008000188       0x40 /opt/st/stm32cubeide_1.4.0/plugins/com.st.stm32cube.ide.mcu.externaltools.gnu-tools-for-stm32.7-2018-q2-update.linux64_1.4.0.202007081208/tools/bin/../lib/gcc/arm-none-eabi/7.3.1/thumb/v7e-m/fpv4-sp/hard/crtbegin.o
 .text          0x00000000080001c8       0x10 /opt/st/stm32cubeide_1.4.0/plugins/com.st.stm32cube.ide.mcu.externaltools.gnu-tools-for-stm32.7-2018-q2-update.linux64_1.4.0.202007081208/tools/bin/../lib/gcc/arm-none-eabi/7.3.1/../../../../arm-none-eabi/lib/thumb/v7e-m/fpv4-sp/hard/libc_nano.a(lib_a-strlen.o)
                0x00000000080001c8                strlen
 *(.text*)
 .text.GPIO_Init
                0x00000000080001d8      0x11c Libraries/STM32F4xx_StdPeriph_Driver/src/stm32f4xx_gpio.o
                0x00000000080001d8                GPIO_Init
 .text.GPIO_ReadInputDataBit
                0x00000000080002f4       0x34 Libraries/STM32F4xx_StdPeriph_Driver/src/stm32f4xx_gpio.o
                0x00000000080002f4                GPIO_ReadInputDataBit
 .text.GPIO_SetBits
                0x0000000008000328       0x1e Libraries/STM32F4xx_StdPeriph_Driver/src/stm32f4xx_gpio.o
                0x0000000008000328                GPIO_SetBits
 .text.GPIO_ResetBits
                0x0000000008000346       0x1e Libraries/STM32F4xx_StdPeriph_Driver/src/stm32f4xx_gpio.o
                0x0000000008000346                GPIO_ResetBits
 .text.GPIO_PinAFConfig
                0x0000000008000364       0x92 Libraries/STM32F4xx_StdPeriph_Driver/src/stm32f4xx_gpio.o
                0x0000000008000364                GPIO_PinAFConfig
 *fill*         0x00000000080003f6        0x2 
 .text.RCC_GetClocksFreq
                0x00000000080003f8      0x150 Libraries/STM32F4xx_StdPeriph_Driver/src/stm32f4xx_rcc.o
                0x00000000080003f8                RCC_GetClocksFreq
 .text.RCC_AHB1PeriphClockCmd
                0x0000000008000548       0x40 Libraries/STM32F4xx_StdPeriph_Driver/src/stm32f4xx_rcc.o
                0x0000000008000548                RCC_AHB1PeriphClockCmd
 .text.RCC_APB1PeriphClockCmd
                0x0000000008000588       0x40 Libraries/STM32F4xx_StdPeriph_Driver/src/stm32f4xx_rcc.o
                0x0000000008000588                RCC_APB1PeriphClockCmd
 .text.RCC_APB2PeriphClockCmd
                0x00000000080005c8       0x40 Libraries/STM32F4xx_StdPeriph_Driver/src/stm32f4xx_rcc.o
                0x00000000080005c8                RCC_APB2PeriphClockCmd
 .text.USART_Init
                0x0000000008000608      0x174 Libraries/STM32F4xx_StdPeriph_Driver/src/stm32f4xx_usart.o
                0x0000000008000608                USART_Init
 .text.USART_Cmd
                0x000000000800077c       0x40 Libraries/STM32F4xx_StdPeriph_Driver/src/stm32f4xx_usart.o
                0x000000000800077c                USART_Cmd
 .text.USART_SendData
                0x00000000080007bc       0x24 Libraries/STM32F4xx_StdPeriph_Driver/src/stm32f4xx_usart.o
                0x00000000080007bc                USART_SendData
 .text.USART_GetFlagStatus
                0x00000000080007e0       0x38 Libraries/STM32F4xx_StdPeriph_Driver/src/stm32f4xx_usart.o
                0x00000000080007e0                USART_GetFlagStatus
 .text._write   0x0000000008000818       0x52 Libraries/glesk/src/glesk_syscalls.o
                0x0000000008000818                _write
 *fill*         0x000000000800086a        0x2 
 .text.uart_get_base
                0x000000000800086c       0x88 Libraries/glesk/src/glesk_uart.o
 .text.uart_init
                0x00000000080008f4      0x2cc Libraries/glesk/src/glesk_uart.o
                0x00000000080008f4                uart_init
 .text.uart_write
                0x0000000008000bc0       0x6c Libraries/glesk/src/glesk_uart.o
                0x0000000008000bc0                uart_write
 .text.Display_Init
                0x0000000008000c2c       0x4a src/drivers/DISPLAY_WH1602B_4Bit.o
                0x0000000008000c2c                Display_Init
 *fill*         0x0000000008000c76        0x2 
 .text.Display_Write_Ins
                0x0000000008000c78      0x13c src/drivers/DISPLAY_WH1602B_4Bit.o
                0x0000000008000c78                Display_Write_Ins
 .text.Display_Write_Data
                0x0000000008000db4      0x13c src/drivers/DISPLAY_WH1602B_4Bit.o
                0x0000000008000db4                Display_Write_Data
 .text.Display_Write_Data_Array
                0x0000000008000ef0       0x48 src/drivers/DISPLAY_WH1602B_4Bit.o
                0x0000000008000ef0                Display_Write_Data_Array
 .text.Display_init_GPIO
                0x0000000008000f38       0x50 src/drivers/DISPLAY_WH1602B_4Bit.o
                0x0000000008000f38                Display_init_GPIO
 .text.Display_RW_pusle
                0x0000000008000f88       0x28 src/drivers/DISPLAY_WH1602B_4Bit.o
                0x0000000008000f88                Display_RW_pusle
 .text.Display_clear
                0x0000000008000fb0       0x14 src/drivers/DISPLAY_WH1602B_4Bit.o
                0x0000000008000fb0                Display_clear
 .text.setup_Display
                0x0000000008000fc4       0x10 src/drivers/DISPLAY_WH1602B_4Bit.o
                0x0000000008000fc4                setup_Display
 .text.error_signal
                0x0000000008000fd4       0x1e src/drivers/LEDs.o
                0x0000000008000fd4                error_signal
 .text.delay_milis1
                0x0000000008000ff2       0x2e src/drivers/clock_config.o
                0x0000000008000ff2                delay_milis1
 .text.delay_milis
                0x0000000008001020       0x30 src/drivers/clock_config.o
                0x0000000008001020                delay_milis
 .text.setup_clock_for_GPIO
                0x0000000008001050       0x90 src/drivers/clock_config.o
                0x0000000008001050                setup_clock_for_GPIO
 .text.ex_humid_read
                0x00000000080010e0      0x1b8 src/drivers/glesk_ex_humid.o
                0x00000000080010e0                ex_humid_read
 .text.main     0x0000000008001298      0x104 src/main.o
                0x0000000008001298                main
 .text.Reset_Handler
                0x000000000800139c       0x50 src/startup_stm32f40xx.o
                0x000000000800139c                Reset_Handler
 .text.Default_Handler
                0x00000000080013ec        0x2 src/startup_stm32f40xx.o
                0x00000000080013ec                RTC_Alarm_IRQHandler
                0x00000000080013ec                HASH_RNG_IRQHandler
                0x00000000080013ec                EXTI2_IRQHandler
                0x00000000080013ec                TIM8_CC_IRQHandler
                0x00000000080013ec                TIM1_CC_IRQHandler
                0x00000000080013ec                DMA2_Stream5_IRQHandler
                0x00000000080013ec                DMA1_Stream5_IRQHandler
                0x00000000080013ec                PVD_IRQHandler
                0x00000000080013ec                SDIO_IRQHandler
                0x00000000080013ec                TAMP_STAMP_IRQHandler
                0x00000000080013ec                CAN2_RX1_IRQHandler
                0x00000000080013ec                EXTI3_IRQHandler
                0x00000000080013ec                TIM8_TRG_COM_TIM14_IRQHandler
                0x00000000080013ec                TIM1_UP_TIM10_IRQHandler
                0x00000000080013ec                TIM8_UP_TIM13_IRQHandler
                0x00000000080013ec                I2C3_ER_IRQHandler
                0x00000000080013ec                EXTI0_IRQHandler
                0x00000000080013ec                I2C2_EV_IRQHandler
                0x00000000080013ec                DMA1_Stream2_IRQHandler
                0x00000000080013ec                CAN1_RX0_IRQHandler
                0x00000000080013ec                FPU_IRQHandler
                0x00000000080013ec                OTG_HS_WKUP_IRQHandler
                0x00000000080013ec                CAN2_SCE_IRQHandler
                0x00000000080013ec                DMA2_Stream2_IRQHandler
                0x00000000080013ec                SPI1_IRQHandler
                0x00000000080013ec                TIM6_DAC_IRQHandler
                0x00000000080013ec                TIM1_BRK_TIM9_IRQHandler
                0x00000000080013ec                DCMI_IRQHandler
                0x00000000080013ec                CAN2_RX0_IRQHandler
                0x00000000080013ec                DMA2_Stream3_IRQHandler
                0x00000000080013ec                USART6_IRQHandler
                0x00000000080013ec                USART3_IRQHandler
                0x00000000080013ec                CRYP_IRQHandler
                0x00000000080013ec                CAN1_RX1_IRQHandler
                0x00000000080013ec                UART5_IRQHandler
                0x00000000080013ec                DMA2_Stream0_IRQHandler
                0x00000000080013ec                TIM4_IRQHandler
                0x00000000080013ec                I2C1_EV_IRQHandler
                0x00000000080013ec                DMA1_Stream6_IRQHandler
                0x00000000080013ec                DMA1_Stream1_IRQHandler
                0x00000000080013ec                UART4_IRQHandler
                0x00000000080013ec                TIM3_IRQHandler
                0x00000000080013ec                RCC_IRQHandler
                0x00000000080013ec                TIM8_BRK_TIM12_IRQHandler
                0x00000000080013ec                Default_Handler
                0x00000000080013ec                EXTI15_10_IRQHandler
                0x00000000080013ec                ADC_IRQHandler
                0x00000000080013ec                DMA1_Stream7_IRQHandler
                0x00000000080013ec                TIM7_IRQHandler
                0x00000000080013ec                CAN2_TX_IRQHandler
                0x00000000080013ec                TIM5_IRQHandler
                0x00000000080013ec                DMA2_Stream7_IRQHandler
                0x00000000080013ec                I2C3_EV_IRQHandler
                0x00000000080013ec                EXTI9_5_IRQHandler
                0x00000000080013ec                RTC_WKUP_IRQHandler
                0x00000000080013ec                ETH_WKUP_IRQHandler
                0x00000000080013ec                SPI2_IRQHandler
                0x00000000080013ec                OTG_HS_EP1_IN_IRQHandler
                0x00000000080013ec                DMA1_Stream0_IRQHandler
                0x00000000080013ec                CAN1_TX_IRQHandler
                0x00000000080013ec                EXTI4_IRQHandler
                0x00000000080013ec                FSMC_IRQHandler
                0x00000000080013ec                ETH_IRQHandler
                0x00000000080013ec                OTG_HS_EP1_OUT_IRQHandler
                0x00000000080013ec                WWDG_IRQHandler
                0x00000000080013ec                TIM2_IRQHandler
                0x00000000080013ec                OTG_FS_WKUP_IRQHandler
                0x00000000080013ec                TIM1_TRG_COM_TIM11_IRQHandler
                0x00000000080013ec                OTG_HS_IRQHandler
                0x00000000080013ec                EXTI1_IRQHandler
                0x00000000080013ec                USART2_IRQHandler
                0x00000000080013ec                I2C2_ER_IRQHandler
                0x00000000080013ec                DMA2_Stream1_IRQHandler
                0x00000000080013ec                CAN1_SCE_IRQHandler
                0x00000000080013ec                FLASH_IRQHandler
                0x00000000080013ec                DMA2_Stream4_IRQHandler
                0x00000000080013ec                USART1_IRQHandler
                0x00000000080013ec                OTG_FS_IRQHandler
                0x00000000080013ec                SPI3_IRQHandler
                0x00000000080013ec                DMA1_Stream4_IRQHandler
                0x00000000080013ec                I2C1_ER_IRQHandler
                0x00000000080013ec                DMA2_Stream6_IRQHandler
                0x00000000080013ec                DMA1_Stream3_IRQHandler
 .text.NMI_Handler
                0x00000000080013ee        0xe src/stm32f4xx_it.o
                0x00000000080013ee                NMI_Handler
 .text.HardFault_Handler
                0x00000000080013fc        0x6 src/stm32f4xx_it.o
                0x00000000080013fc                HardFault_Handler
 .text.MemManage_Handler
                0x0000000008001402        0x6 src/stm32f4xx_it.o
                0x0000000008001402                MemManage_Handler
 .text.BusFault_Handler
                0x0000000008001408        0x6 src/stm32f4xx_it.o
                0x0000000008001408                BusFault_Handler
 .text.UsageFault_Handler
                0x000000000800140e        0x6 src/stm32f4xx_it.o
                0x000000000800140e                UsageFault_Handler
 .text.SVC_Handler
                0x0000000008001414        0xe src/stm32f4xx_it.o
                0x0000000008001414                SVC_Handler
 .text.DebugMon_Handler
                0x0000000008001422        0xe src/stm32f4xx_it.o
                0x0000000008001422                DebugMon_Handler
 .text.PendSV_Handler
                0x0000000008001430        0xe src/stm32f4xx_it.o
                0x0000000008001430                PendSV_Handler
 .text.SysTick_Handler
                0x000000000800143e        0xe src/stm32f4xx_it.o
                0x000000000800143e                SysTick_Handler
 .text.SystemInit
                0x000000000800144c       0x6c src/system_stm32f4xx.o
                0x000000000800144c                SystemInit
 .text.SetSysClock
                0x00000000080014b8       0xf8 src/system_stm32f4xx.o
 .text.ts_itoa  0x00000000080015b0       0x92 src/tiny_printf.o
                0x00000000080015b0                ts_itoa
 .text.ts_formatstring
                0x0000000008001642      0x12e src/tiny_printf.o
                0x0000000008001642                ts_formatstring
 .text.ts_formatlength
                0x0000000008001770      0x12c src/tiny_printf.o
                0x0000000008001770                ts_formatlength
 .text.siprintf
                0x000000000800189c       0x2c src/tiny_printf.o
                0x000000000800189c                sprintf
                0x000000000800189c                siprintf
 .text.iprintf  0x00000000080018c8       0x9c src/tiny_printf.o
                0x00000000080018c8                printf
                0x00000000080018c8                iprintf
 .text.puts     0x0000000008001964       0x58 src/tiny_printf.o
                0x0000000008001964                puts
 .text.__libc_init_array
                0x00000000080019bc       0x48 /opt/st/stm32cubeide_1.4.0/plugins/com.st.stm32cube.ide.mcu.externaltools.gnu-tools-for-stm32.7-2018-q2-update.linux64_1.4.0.202007081208/tools/bin/../lib/gcc/arm-none-eabi/7.3.1/../../../../arm-none-eabi/lib/thumb/v7e-m/fpv4-sp/hard/libc_nano.a(lib_a-init.o)
                0x00000000080019bc                __libc_init_array
 *(.glue_7)
 .glue_7        0x0000000008001a04        0x0 linker stubs
 *(.glue_7t)
 .glue_7t       0x0000000008001a04        0x0 linker stubs
 *(.eh_frame)
 .eh_frame      0x0000000008001a04        0x0 /opt/st/stm32cubeide_1.4.0/plugins/com.st.stm32cube.ide.mcu.externaltools.gnu-tools-for-stm32.7-2018-q2-update.linux64_1.4.0.202007081208/tools/bin/../lib/gcc/arm-none-eabi/7.3.1/thumb/v7e-m/fpv4-sp/hard/crtbegin.o
 *(.init)
 .init          0x0000000008001a04        0x4 /opt/st/stm32cubeide_1.4.0/plugins/com.st.stm32cube.ide.mcu.externaltools.gnu-tools-for-stm32.7-2018-q2-update.linux64_1.4.0.202007081208/tools/bin/../lib/gcc/arm-none-eabi/7.3.1/thumb/v7e-m/fpv4-sp/hard/crti.o
                0x0000000008001a04                _init
 .init          0x0000000008001a08        0x8 /opt/st/stm32cubeide_1.4.0/plugins/com.st.stm32cube.ide.mcu.externaltools.gnu-tools-for-stm32.7-2018-q2-update.linux64_1.4.0.202007081208/tools/bin/../lib/gcc/arm-none-eabi/7.3.1/thumb/v7e-m/fpv4-sp/hard/crtn.o
 *(.fini)
 .fini          0x0000000008001a10        0x4 /opt/st/stm32cubeide_1.4.0/plugins/com.st.stm32cube.ide.mcu.externaltools.gnu-tools-for-stm32.7-2018-q2-update.linux64_1.4.0.202007081208/tools/bin/../lib/gcc/arm-none-eabi/7.3.1/thumb/v7e-m/fpv4-sp/hard/crti.o
                0x0000000008001a10                _fini
 .fini          0x0000000008001a14        0x8 /opt/st/stm32cubeide_1.4.0/plugins/com.st.stm32cube.ide.mcu.externaltools.gnu-tools-for-stm32.7-2018-q2-update.linux64_1.4.0.202007081208/tools/bin/../lib/gcc/arm-none-eabi/7.3.1/thumb/v7e-m/fpv4-sp/hard/crtn.o
                0x0000000008001a1c                . = ALIGN (0x4)
                0x0000000008001a1c                _etext = .

.vfp11_veneer   0x0000000008001a1c        0x0
 .vfp11_veneer  0x0000000008001a1c        0x0 linker stubs

.v4_bx          0x0000000008001a1c        0x0
 .v4_bx         0x0000000008001a1c        0x0 linker stubs

.iplt           0x0000000008001a1c        0x0
 .iplt          0x0000000008001a1c        0x0 /opt/st/stm32cubeide_1.4.0/plugins/com.st.stm32cube.ide.mcu.externaltools.gnu-tools-for-stm32.7-2018-q2-update.linux64_1.4.0.202007081208/tools/bin/../lib/gcc/arm-none-eabi/7.3.1/thumb/v7e-m/fpv4-sp/hard/crtbegin.o

.rodata         0x0000000008001a1c       0x70
                0x0000000008001a1c                . = ALIGN (0x4)
 *(.rodata)
 .rodata        0x0000000008001a1c       0x6a src/main.o
 *fill*         0x0000000008001a86        0x2 
 .rodata        0x0000000008001a88        0x2 src/tiny_printf.o
 *(.rodata*)
                0x0000000008001a8c                . = ALIGN (0x4)
 *fill*         0x0000000008001a8a        0x2 

.rel.dyn        0x0000000008001a8c        0x0
 .rel.iplt      0x0000000008001a8c        0x0 /opt/st/stm32cubeide_1.4.0/plugins/com.st.stm32cube.ide.mcu.externaltools.gnu-tools-for-stm32.7-2018-q2-update.linux64_1.4.0.202007081208/tools/bin/../lib/gcc/arm-none-eabi/7.3.1/thumb/v7e-m/fpv4-sp/hard/crtbegin.o

.ARM.extab
 *(.ARM.extab* .gnu.linkonce.armextab.*)

.ARM            0x0000000008001a8c        0x0
                0x0000000008001a8c                __exidx_start = .
 *(.ARM.exidx*)
                0x0000000008001a8c                __exidx_end = .

.preinit_array  0x0000000008001a8c        0x0
                0x0000000008001a8c                PROVIDE (__preinit_array_start = .)
 *(.preinit_array*)
                0x0000000008001a8c                PROVIDE (__preinit_array_end = .)

.init_array     0x0000000008001a8c        0x4
                0x0000000008001a8c                PROVIDE (__init_array_start = .)
 *(SORT_BY_NAME(.init_array.*))
 *(.init_array*)
 .init_array    0x0000000008001a8c        0x4 /opt/st/stm32cubeide_1.4.0/plugins/com.st.stm32cube.ide.mcu.externaltools.gnu-tools-for-stm32.7-2018-q2-update.linux64_1.4.0.202007081208/tools/bin/../lib/gcc/arm-none-eabi/7.3.1/thumb/v7e-m/fpv4-sp/hard/crtbegin.o
                0x0000000008001a90                PROVIDE (__init_array_end = .)

.fini_array     0x0000000008001a90        0x4
                [!provide]                        PROVIDE (__fini_array_start = .)
 *(SORT_BY_NAME(.fini_array.*))
 *(.fini_array*)
 .fini_array    0x0000000008001a90        0x4 /opt/st/stm32cubeide_1.4.0/plugins/com.st.stm32cube.ide.mcu.externaltools.gnu-tools-for-stm32.7-2018-q2-update.linux64_1.4.0.202007081208/tools/bin/../lib/gcc/arm-none-eabi/7.3.1/thumb/v7e-m/fpv4-sp/hard/crtbegin.o
                [!provide]                        PROVIDE (__fini_array_end = .)
                0x0000000008001a94                _sidata = LOADADDR (.data)

.data           0x0000000020000000       0x10 load address 0x0000000008001a94
                0x0000000020000000                . = ALIGN (0x4)
                0x0000000020000000                _sdata = .
 *(.data)
 *(.data*)
 .data.APBAHBPrescTable
                0x0000000020000000       0x10 Libraries/STM32F4xx_StdPeriph_Driver/src/stm32f4xx_rcc.o
                0x0000000020000010                . = ALIGN (0x4)
                0x0000000020000010                _edata = .
                0x0000000008001aa4                _siccmram = LOADADDR (.ccmram)

.igot.plt       0x0000000020000010        0x0 load address 0x0000000008001aa4
 .igot.plt      0x0000000020000010        0x0 /opt/st/stm32cubeide_1.4.0/plugins/com.st.stm32cube.ide.mcu.externaltools.gnu-tools-for-stm32.7-2018-q2-update.linux64_1.4.0.202007081208/tools/bin/../lib/gcc/arm-none-eabi/7.3.1/thumb/v7e-m/fpv4-sp/hard/crtbegin.o

.ccmram         0x0000000010000000        0x0 load address 0x0000000008001aa4
                0x0000000010000000                . = ALIGN (0x4)
                0x0000000010000000                _sccmram = .
 *(.ccmram)
 *(.ccmram*)
                0x0000000010000000                . = ALIGN (0x4)
                0x0000000010000000                _eccmram = .
                0x0000000010000000                . = ALIGN (0x4)

.bss            0x0000000020000010       0x64
                0x0000000020000010                _sbss = .
                0x0000000020000010                __bss_start__ = _sbss
 *(.bss)
 .bss           0x0000000020000010       0x1c /opt/st/stm32cubeide_1.4.0/plugins/com.st.stm32cube.ide.mcu.externaltools.gnu-tools-for-stm32.7-2018-q2-update.linux64_1.4.0.202007081208/tools/bin/../lib/gcc/arm-none-eabi/7.3.1/thumb/v7e-m/fpv4-sp/hard/crtbegin.o
 *(.bss*)
 *(COMMON)
 COMMON         0x000000002000002c       0x48 Libraries/glesk/src/glesk_uart.o
                0x000000002000002c                uart
                0x0000000020000074                . = ALIGN (0x4)
                0x0000000020000074                _ebss = .
                0x0000000020000074                __bss_end__ = _ebss

._user_heap_stack
                0x0000000020000074      0x400
                0x0000000020000074                . = ALIGN (0x4)
                0x0000000020000074                PROVIDE (end = .)
                [!provide]                        PROVIDE (_end = .)
                0x0000000020000074                . = (. + _Min_Heap_Size)
                0x0000000020000474                . = (. + _Min_Stack_Size)
 *fill*         0x0000000020000074      0x400 
                0x0000000020000474                . = ALIGN (0x4)

.memory_b1_text
 *(.mb1text)
 *(.mb1text*)
 *(.mb1rodata)
 *(.mb1rodata*)

/DISCARD/
 libc.a(*)
 libm.a(*)
 libgcc.a(*)

.ARM.attributes
                0x0000000000000000       0x30
 *(.ARM.attributes)
 .ARM.attributes
                0x0000000000000000       0x22 /opt/st/stm32cubeide_1.4.0/plugins/com.st.stm32cube.ide.mcu.externaltools.gnu-tools-for-stm32.7-2018-q2-update.linux64_1.4.0.202007081208/tools/bin/../lib/gcc/arm-none-eabi/7.3.1/thumb/v7e-m/fpv4-sp/hard/crti.o
 .ARM.attributes
                0x0000000000000022       0x34 /opt/st/stm32cubeide_1.4.0/plugins/com.st.stm32cube.ide.mcu.externaltools.gnu-tools-for-stm32.7-2018-q2-update.linux64_1.4.0.202007081208/tools/bin/../lib/gcc/arm-none-eabi/7.3.1/thumb/v7e-m/fpv4-sp/hard/crtbegin.o
 .ARM.attributes
                0x0000000000000056       0x39 Libraries/STM32F4xx_StdPeriph_Driver/src/stm32f4xx_gpio.o
 .ARM.attributes
                0x000000000000008f       0x39 Libraries/STM32F4xx_StdPeriph_Driver/src/stm32f4xx_rcc.o
 .ARM.attributes
                0x00000000000000c8       0x39 Libraries/STM32F4xx_StdPeriph_Driver/src/stm32f4xx_usart.o
 .ARM.attributes
                0x0000000000000101       0x39 Libraries/glesk/src/glesk_syscalls.o
 .ARM.attributes
                0x000000000000013a       0x39 Libraries/glesk/src/glesk_uart.o
 .ARM.attributes
                0x0000000000000173       0x39 src/drivers/DISPLAY_WH1602B_4Bit.o
 .ARM.attributes
                0x00000000000001ac       0x39 src/drivers/LEDs.o
 .ARM.attributes
                0x00000000000001e5       0x39 src/drivers/clock_config.o
 .ARM.attributes
                0x000000000000021e       0x39 src/drivers/glesk_ex_humid.o
 .ARM.attributes
                0x0000000000000257       0x39 src/main.o
 .ARM.attributes
                0x0000000000000290       0x21 src/startup_stm32f40xx.o
 .ARM.attributes
                0x00000000000002b1       0x39 src/stm32f4xx_it.o
 .ARM.attributes
                0x00000000000002ea       0x39 src/system_stm32f4xx.o
 .ARM.attributes
                0x0000000000000323       0x39 src/tiny_printf.o
 .ARM.attributes
                0x000000000000035c       0x34 /opt/st/stm32cubeide_1.4.0/plugins/com.st.stm32cube.ide.mcu.externaltools.gnu-tools-for-stm32.7-2018-q2-update.linux64_1.4.0.202007081208/tools/bin/../lib/gcc/arm-none-eabi/7.3.1/../../../../arm-none-eabi/lib/thumb/v7e-m/fpv4-sp/hard/libc_nano.a(lib_a-init.o)
 .ARM.attributes
                0x0000000000000390       0x1b /opt/st/stm32cubeide_1.4.0/plugins/com.st.stm32cube.ide.mcu.externaltools.gnu-tools-for-stm32.7-2018-q2-update.linux64_1.4.0.202007081208/tools/bin/../lib/gcc/arm-none-eabi/7.3.1/../../../../arm-none-eabi/lib/thumb/v7e-m/fpv4-sp/hard/libc_nano.a(lib_a-strlen.o)
 .ARM.attributes
                0x00000000000003ab       0x22 /opt/st/stm32cubeide_1.4.0/plugins/com.st.stm32cube.ide.mcu.externaltools.gnu-tools-for-stm32.7-2018-q2-update.linux64_1.4.0.202007081208/tools/bin/../lib/gcc/arm-none-eabi/7.3.1/thumb/v7e-m/fpv4-sp/hard/crtn.o
OUTPUT(Humidity elf32-littlearm)

.debug_info     0x0000000000000000     0x6062
 .debug_info    0x0000000000000000      0x62b Libraries/STM32F4xx_StdPeriph_Driver/src/stm32f4xx_gpio.o
 .debug_info    0x000000000000062b      0xc98 Libraries/STM32F4xx_StdPeriph_Driver/src/stm32f4xx_rcc.o
 .debug_info    0x00000000000012c3      0x9d4 Libraries/STM32F4xx_StdPeriph_Driver/src/stm32f4xx_usart.o
 .debug_info    0x0000000000001c97      0x15d Libraries/glesk/src/glesk_syscalls.o
 .debug_info    0x0000000000001df4      0x5f4 Libraries/glesk/src/glesk_uart.o
 .debug_info    0x00000000000023e8      0xd02 src/drivers/DISPLAY_WH1602B_4Bit.o
 .debug_info    0x00000000000030ea      0x3bd src/drivers/LEDs.o
 .debug_info    0x00000000000034a7      0x9e5 src/drivers/clock_config.o
 .debug_info    0x0000000000003e8c      0x3da src/drivers/glesk_ex_humid.o
 .debug_info    0x0000000000004266      0xa39 src/main.o
 .debug_info    0x0000000000004c9f       0x22 src/startup_stm32f40xx.o
 .debug_info    0x0000000000004cc1      0x151 src/stm32f4xx_it.o
 .debug_info    0x0000000000004e12      0x5db src/system_stm32f4xx.o
 .debug_info    0x00000000000053ed      0xc75 src/tiny_printf.o

.debug_abbrev   0x0000000000000000     0x1450
 .debug_abbrev  0x0000000000000000      0x1bf Libraries/STM32F4xx_StdPeriph_Driver/src/stm32f4xx_gpio.o
 .debug_abbrev  0x00000000000001bf      0x1fd Libraries/STM32F4xx_StdPeriph_Driver/src/stm32f4xx_rcc.o
 .debug_abbrev  0x00000000000003bc      0x187 Libraries/STM32F4xx_StdPeriph_Driver/src/stm32f4xx_usart.o
 .debug_abbrev  0x0000000000000543       0xbe Libraries/glesk/src/glesk_syscalls.o
 .debug_abbrev  0x0000000000000601      0x197 Libraries/glesk/src/glesk_uart.o
 .debug_abbrev  0x0000000000000798      0x230 src/drivers/DISPLAY_WH1602B_4Bit.o
 .debug_abbrev  0x00000000000009c8      0x15e src/drivers/LEDs.o
 .debug_abbrev  0x0000000000000b26      0x192 src/drivers/clock_config.o
 .debug_abbrev  0x0000000000000cb8      0x187 src/drivers/glesk_ex_humid.o
 .debug_abbrev  0x0000000000000e3f      0x1c2 src/main.o
 .debug_abbrev  0x0000000000001001       0x12 src/startup_stm32f40xx.o
 .debug_abbrev  0x0000000000001013       0x7b src/stm32f4xx_it.o
 .debug_abbrev  0x000000000000108e      0x15d src/system_stm32f4xx.o
 .debug_abbrev  0x00000000000011eb      0x265 src/tiny_printf.o

.debug_aranges  0x0000000000000000      0x5d0
 .debug_aranges
                0x0000000000000000       0x88 Libraries/STM32F4xx_StdPeriph_Driver/src/stm32f4xx_gpio.o
 .debug_aranges
                0x0000000000000088      0x180 Libraries/STM32F4xx_StdPeriph_Driver/src/stm32f4xx_rcc.o
 .debug_aranges
                0x0000000000000208      0x100 Libraries/STM32F4xx_StdPeriph_Driver/src/stm32f4xx_usart.o
 .debug_aranges
                0x0000000000000308       0x20 Libraries/glesk/src/glesk_syscalls.o
 .debug_aranges
                0x0000000000000328       0x38 Libraries/glesk/src/glesk_uart.o
 .debug_aranges
                0x0000000000000360       0x78 src/drivers/DISPLAY_WH1602B_4Bit.o
 .debug_aranges
                0x00000000000003d8       0x40 src/drivers/LEDs.o
 .debug_aranges
                0x0000000000000418       0x58 src/drivers/clock_config.o
 .debug_aranges
                0x0000000000000470       0x28 src/drivers/glesk_ex_humid.o
 .debug_aranges
                0x0000000000000498       0x20 src/main.o
 .debug_aranges
                0x00000000000004b8       0x28 src/startup_stm32f40xx.o
 .debug_aranges
                0x00000000000004e0       0x60 src/stm32f4xx_it.o
 .debug_aranges
                0x0000000000000540       0x30 src/system_stm32f4xx.o
 .debug_aranges
                0x0000000000000570       0x60 src/tiny_printf.o

.debug_ranges   0x0000000000000000      0x4f8
 .debug_ranges  0x0000000000000000       0x78 Libraries/STM32F4xx_StdPeriph_Driver/src/stm32f4xx_gpio.o
 .debug_ranges  0x0000000000000078      0x170 Libraries/STM32F4xx_StdPeriph_Driver/src/stm32f4xx_rcc.o
 .debug_ranges  0x00000000000001e8       0xf0 Libraries/STM32F4xx_StdPeriph_Driver/src/stm32f4xx_usart.o
 .debug_ranges  0x00000000000002d8       0x10 Libraries/glesk/src/glesk_syscalls.o
 .debug_ranges  0x00000000000002e8       0x28 Libraries/glesk/src/glesk_uart.o
 .debug_ranges  0x0000000000000310       0x68 src/drivers/DISPLAY_WH1602B_4Bit.o
 .debug_ranges  0x0000000000000378       0x30 src/drivers/LEDs.o
 .debug_ranges  0x00000000000003a8       0x48 src/drivers/clock_config.o
 .debug_ranges  0x00000000000003f0       0x18 src/drivers/glesk_ex_humid.o
 .debug_ranges  0x0000000000000408       0x10 src/main.o
 .debug_ranges  0x0000000000000418       0x20 src/startup_stm32f40xx.o
 .debug_ranges  0x0000000000000438       0x50 src/stm32f4xx_it.o
 .debug_ranges  0x0000000000000488       0x20 src/system_stm32f4xx.o
 .debug_ranges  0x00000000000004a8       0x50 src/tiny_printf.o

.debug_macro    0x0000000000000000     0x31c1
 .debug_macro   0x0000000000000000      0x1c0 Libraries/STM32F4xx_StdPeriph_Driver/src/stm32f4xx_gpio.o
 .debug_macro   0x00000000000001c0      0x282 Libraries/STM32F4xx_StdPeriph_Driver/src/stm32f4xx_gpio.o
 .debug_macro   0x0000000000000442      0x27c Libraries/STM32F4xx_StdPeriph_Driver/src/stm32f4xx_rcc.o
 .debug_macro   0x00000000000006be      0x576 Libraries/STM32F4xx_StdPeriph_Driver/src/stm32f4xx_rcc.o
 .debug_macro   0x0000000000000c34      0x1d8 Libraries/STM32F4xx_StdPeriph_Driver/src/stm32f4xx_usart.o
 .debug_macro   0x0000000000000e0c      0x21d Libraries/STM32F4xx_StdPeriph_Driver/src/stm32f4xx_usart.o
 .debug_macro   0x0000000000001029      0x2cc Libraries/glesk/src/glesk_syscalls.o
 .debug_macro   0x00000000000012f5      0x2cc Libraries/glesk/src/glesk_uart.o
 .debug_macro   0x00000000000015c1      0x37a src/drivers/DISPLAY_WH1602B_4Bit.o
 .debug_macro   0x000000000000193b       0x10 src/drivers/DISPLAY_WH1602B_4Bit.o
 .debug_macro   0x000000000000194b       0x1c src/drivers/DISPLAY_WH1602B_4Bit.o
 .debug_macro   0x0000000000001967       0x2e src/drivers/DISPLAY_WH1602B_4Bit.o
 .debug_macro   0x0000000000001995       0x46 src/drivers/DISPLAY_WH1602B_4Bit.o
 .debug_macro   0x00000000000019db      0x1a3 src/drivers/DISPLAY_WH1602B_4Bit.o
 .debug_macro   0x0000000000001b7e       0x10 src/drivers/DISPLAY_WH1602B_4Bit.o
 .debug_macro   0x0000000000001b8e       0x35 src/drivers/DISPLAY_WH1602B_4Bit.o
 .debug_macro   0x0000000000001bc3       0x20 src/drivers/DISPLAY_WH1602B_4Bit.o
 .debug_macro   0x0000000000001be3       0x58 src/drivers/DISPLAY_WH1602B_4Bit.o
 .debug_macro   0x0000000000001c3b       0x16 src/drivers/DISPLAY_WH1602B_4Bit.o
 .debug_macro   0x0000000000001c51       0x1c src/drivers/DISPLAY_WH1602B_4Bit.o
 .debug_macro   0x0000000000001c6d       0x16 src/drivers/DISPLAY_WH1602B_4Bit.o
 .debug_macro   0x0000000000001c83      0x145 src/drivers/DISPLAY_WH1602B_4Bit.o
 .debug_macro   0x0000000000001dc8      0x130 src/drivers/DISPLAY_WH1602B_4Bit.o
 .debug_macro   0x0000000000001ef8      0x1d7 src/drivers/LEDs.o
 .debug_macro   0x00000000000020cf      0x1ce src/drivers/clock_config.o
 .debug_macro   0x000000000000229d      0x2f9 src/drivers/glesk_ex_humid.o
 .debug_macro   0x0000000000002596       0x16 src/drivers/glesk_ex_humid.o
 .debug_macro   0x00000000000025ac      0x3d7 src/main.o
 .debug_macro   0x0000000000002983       0x16 src/main.o
 .debug_macro   0x0000000000002999       0x97 src/main.o
 .debug_macro   0x0000000000002a30       0xfd src/main.o
 .debug_macro   0x0000000000002b2d       0x10 src/main.o
 .debug_macro   0x0000000000002b3d       0x16 src/main.o
 .debug_macro   0x0000000000002b53       0x16 src/main.o
 .debug_macro   0x0000000000002b69       0x29 src/main.o
 .debug_macro   0x0000000000002b92       0x16 src/main.o
 .debug_macro   0x0000000000002ba8       0x4c src/main.o
 .debug_macro   0x0000000000002bf4       0x4c src/main.o
 .debug_macro   0x0000000000002c40       0x28 src/main.o
 .debug_macro   0x0000000000002c68      0x1c0 src/stm32f4xx_it.o
 .debug_macro   0x0000000000002e28      0x1d9 src/system_stm32f4xx.o
 .debug_macro   0x0000000000003001      0x1c0 src/tiny_printf.o

.debug_line     0x0000000000000000     0x6cfc
 .debug_line    0x0000000000000000      0x7e0 Libraries/STM32F4xx_StdPeriph_Driver/src/stm32f4xx_gpio.o
 .debug_line    0x00000000000007e0      0xa39 Libraries/STM32F4xx_StdPeriph_Driver/src/stm32f4xx_rcc.o
 .debug_line    0x0000000000001219      0x936 Libraries/STM32F4xx_StdPeriph_Driver/src/stm32f4xx_usart.o
 .debug_line    0x0000000000001b4f      0x8b6 Libraries/glesk/src/glesk_syscalls.o
 .debug_line    0x0000000000002405      0x976 Libraries/glesk/src/glesk_uart.o
 .debug_line    0x0000000000002d7b      0xab0 src/drivers/DISPLAY_WH1602B_4Bit.o
 .debug_line    0x000000000000382b      0x6b0 src/drivers/LEDs.o
 .debug_line    0x0000000000003edb      0x777 src/drivers/clock_config.o
 .debug_line    0x0000000000004652      0x8b9 src/drivers/glesk_ex_humid.o
 .debug_line    0x0000000000004f0b      0x977 src/main.o
 .debug_line    0x0000000000005882       0x7a src/startup_stm32f40xx.o
 .debug_line    0x00000000000058fc      0x6ec src/stm32f4xx_it.o
 .debug_line    0x0000000000005fe8      0x6bd src/system_stm32f4xx.o
 .debug_line    0x00000000000066a5      0x657 src/tiny_printf.o

.debug_str      0x0000000000000000    0x6017f
 .debug_str     0x0000000000000000    0x59865 Libraries/STM32F4xx_StdPeriph_Driver/src/stm32f4xx_gpio.o
                                      0x59a39 (size before relaxing)
 .debug_str     0x0000000000059865      0xc18 Libraries/STM32F4xx_StdPeriph_Driver/src/stm32f4xx_rcc.o
                                      0x5a370 (size before relaxing)
 .debug_str     0x000000000005a47d      0x54e Libraries/STM32F4xx_StdPeriph_Driver/src/stm32f4xx_usart.o
                                      0x59d49 (size before relaxing)
 .debug_str     0x000000000005a9cb     0x28eb Libraries/glesk/src/glesk_syscalls.o
                                      0x5c064 (size before relaxing)
 .debug_str     0x000000000005d2b6       0xa1 Libraries/glesk/src/glesk_uart.o
                                      0x5c374 (size before relaxing)
 .debug_str     0x000000000005d357     0x250a src/drivers/DISPLAY_WH1602B_4Bit.o
                                      0x5e6db (size before relaxing)
 .debug_str     0x000000000005f861       0x70 src/drivers/LEDs.o
                                      0x59a28 (size before relaxing)
 .debug_str     0x000000000005f8d1      0x243 src/drivers/clock_config.o
                                      0x59af0 (size before relaxing)
 .debug_str     0x000000000005fb14      0x129 src/drivers/glesk_ex_humid.o
                                      0x5c291 (size before relaxing)
 .debug_str     0x000000000005fc3d      0x2c6 src/main.o
                                      0x5e7ae (size before relaxing)
 .debug_str     0x000000000005ff03       0x2a src/startup_stm32f40xx.o
                                         0x90 (size before relaxing)
 .debug_str     0x000000000005ff2d       0xb8 src/stm32f4xx_it.o
                                      0x59797 (size before relaxing)
 .debug_str     0x000000000005ffe5      0x11a src/system_stm32f4xx.o
                                      0x5994f (size before relaxing)
 .debug_str     0x00000000000600ff       0x80 src/tiny_printf.o
                                       0x789e (size before relaxing)

.comment        0x0000000000000000       0x7b
 .comment       0x0000000000000000       0x7b Libraries/STM32F4xx_StdPeriph_Driver/src/stm32f4xx_gpio.o
                                         0x7c (size before relaxing)
 .comment       0x000000000000007b       0x7c Libraries/STM32F4xx_StdPeriph_Driver/src/stm32f4xx_rcc.o
 .comment       0x000000000000007b       0x7c Libraries/STM32F4xx_StdPeriph_Driver/src/stm32f4xx_usart.o
 .comment       0x000000000000007b       0x7c Libraries/glesk/src/glesk_syscalls.o
 .comment       0x000000000000007b       0x7c Libraries/glesk/src/glesk_uart.o
 .comment       0x000000000000007b       0x7c src/drivers/DISPLAY_WH1602B_4Bit.o
 .comment       0x000000000000007b       0x7c src/drivers/LEDs.o
 .comment       0x000000000000007b       0x7c src/drivers/clock_config.o
 .comment       0x000000000000007b       0x7c src/drivers/glesk_ex_humid.o
 .comment       0x000000000000007b       0x7c src/main.o
 .comment       0x000000000000007b       0x7c src/stm32f4xx_it.o
 .comment       0x000000000000007b       0x7c src/system_stm32f4xx.o
 .comment       0x000000000000007b       0x7c src/tiny_printf.o

.debug_frame    0x0000000000000000     0x1624
 .debug_frame   0x0000000000000000      0x23c Libraries/STM32F4xx_StdPeriph_Driver/src/stm32f4xx_gpio.o
 .debug_frame   0x000000000000023c      0x6fc Libraries/STM32F4xx_StdPeriph_Driver/src/stm32f4xx_rcc.o
 .debug_frame   0x0000000000000938      0x490 Libraries/STM32F4xx_StdPeriph_Driver/src/stm32f4xx_usart.o
 .debug_frame   0x0000000000000dc8       0x34 Libraries/glesk/src/glesk_syscalls.o
 .debug_frame   0x0000000000000dfc       0xa8 Libraries/glesk/src/glesk_uart.o
 .debug_frame   0x0000000000000ea4      0x198 src/drivers/DISPLAY_WH1602B_4Bit.o
 .debug_frame   0x000000000000103c       0xc4 src/drivers/LEDs.o
 .debug_frame   0x0000000000001100      0x138 src/drivers/clock_config.o
 .debug_frame   0x0000000000001238       0x58 src/drivers/glesk_ex_humid.o
 .debug_frame   0x0000000000001290       0x30 src/main.o
 .debug_frame   0x00000000000012c0      0x110 src/stm32f4xx_it.o
 .debug_frame   0x00000000000013d0       0x7c src/system_stm32f4xx.o
 .debug_frame   0x000000000000144c      0x1ac src/tiny_printf.o
 .debug_frame   0x00000000000015f8       0x2c /opt/st/stm32cubeide_1.4.0/plugins/com.st.stm32cube.ide.mcu.externaltools.gnu-tools-for-stm32.7-2018-q2-update.linux64_1.4.0.202007081208/tools/bin/../lib/gcc/arm-none-eabi/7.3.1/../../../../arm-none-eabi/lib/thumb/v7e-m/fpv4-sp/hard/libc_nano.a(lib_a-init.o)
