glesk_ex_flash.c:46:13:cs_enable	8	static
glesk_ex_flash.c:52:13:cs_disable	8	static
glesk_ex_flash.c:57:13:send_byte	16	static
glesk_ex_flash.c:62:11:get_byte	16	static
glesk_ex_flash.c:70:12:read_sr	16	static
glesk_ex_flash.c:83:13:write_sr	16	static
glesk_ex_flash.c:99:13:write_enable	8	static
glesk_ex_flash.c:106:13:wait_busy	8	static
glesk_ex_flash.c:114:35:read_id	24	static
glesk_ex_flash.c:129:11:read_byte	24	static
glesk_ex_flash.c:144:13:write_byte	16	static
glesk_ex_flash.c:156:5:ex_flash_init	24	static
glesk_ex_flash.c:217:5:ex_flash_read	40	static
glesk_ex_flash.c:228:5:ex_flash_write	32	static
glesk_ex_flash.c:240:6:ex_flash_erase_sector	16	static
glesk_ex_flash.c:252:6:ex_flash_erase_block_32k	16	static
glesk_ex_flash.c:264:6:ex_flash_erase_block_64k	16	static
glesk_ex_flash.c:276:6:ex_flash_erase_chip	8	static
